Archive member included because of file (symbol)

C:\Users\krita\Desktop\Lecture\year_3_semester_1\Microprocessor\Lab\traffic_light_control\mbed\TARGET_LPC1768\TOOLCHAIN_GCC_CR\libmbed.a(gpio_irq_api.o)
                              ./ultrasonic.o (gpio_irq_set)
C:\Users\krita\Desktop\Lecture\year_3_semester_1\Microprocessor\Lab\traffic_light_control\mbed\TARGET_LPC1768\TOOLCHAIN_GCC_CR\libmbed.a(serial_api.o)
                              C:/Users/krita/Desktop/Lecture/year_3_semester_1/Microprocessor/Lab/traffic_light_control/mbed/TARGET_LPC1768/TOOLCHAIN_GCC_CR/retarget.o (serial_getc)
C:\Users\krita\Desktop\Lecture\year_3_semester_1\Microprocessor\Lab\traffic_light_control\mbed\TARGET_LPC1768\TOOLCHAIN_GCC_CR\libmbed.a(FunctionPointer.o)
                              ./ultrasonic.o (mbed::FunctionPointer::FunctionPointer(void (*)()))
C:\Users\krita\Desktop\Lecture\year_3_semester_1\Microprocessor\Lab\traffic_light_control\mbed\TARGET_LPC1768\TOOLCHAIN_GCC_CR\libmbed.a(FileSystemLike.o)
                              C:/Users/krita/Desktop/Lecture/year_3_semester_1/Microprocessor/Lab/traffic_light_control/mbed/TARGET_LPC1768/TOOLCHAIN_GCC_CR/retarget.o (mbed::FileSystemLike::opendir())
C:\Users\krita\Desktop\Lecture\year_3_semester_1\Microprocessor\Lab\traffic_light_control\mbed\TARGET_LPC1768\TOOLCHAIN_GCC_CR\libmbed.a(FilePath.o)
                              C:/Users/krita/Desktop/Lecture/year_3_semester_1/Microprocessor/Lab/traffic_light_control/mbed/TARGET_LPC1768/TOOLCHAIN_GCC_CR/retarget.o (mbed::FilePath::fileName())
C:\Users\krita\Desktop\Lecture\year_3_semester_1\Microprocessor\Lab\traffic_light_control\mbed\TARGET_LPC1768\TOOLCHAIN_GCC_CR\libmbed.a(InterruptIn.o)
                              ./ultrasonic.o (mbed::InterruptIn::rise(void (*)()))
C:\Users\krita\Desktop\Lecture\year_3_semester_1\Microprocessor\Lab\traffic_light_control\mbed\TARGET_LPC1768\TOOLCHAIN_GCC_CR\libmbed.a(SPI.o)
                              ./SPI_TFT_ILI9341/SPI_TFT_ILI9341_NXP.o (mbed::SPI::SPI(PinName, PinName, PinName, PinName))
C:\Users\krita\Desktop\Lecture\year_3_semester_1\Microprocessor\Lab\traffic_light_control\mbed\TARGET_LPC1768\TOOLCHAIN_GCC_CR\libmbed.a(Ticker.o)
                              ./main.o (mbed::Ticker::detach())
C:\Users\krita\Desktop\Lecture\year_3_semester_1\Microprocessor\Lab\traffic_light_control\mbed\TARGET_LPC1768\TOOLCHAIN_GCC_CR\libmbed.a(Stream.o)
                              ./SPI_TFT_ILI9341/GraphicsDisplay.o (mbed::Stream::close())
C:\Users\krita\Desktop\Lecture\year_3_semester_1\Microprocessor\Lab\traffic_light_control\mbed\TARGET_LPC1768\TOOLCHAIN_GCC_CR\libmbed.a(Timeout.o)
                              ./ultrasonic.o (vtable for mbed::Timeout)
C:\Users\krita\Desktop\Lecture\year_3_semester_1\Microprocessor\Lab\traffic_light_control\mbed\TARGET_LPC1768\TOOLCHAIN_GCC_CR\libmbed.a(TimerEvent.o)
                              ./main.o (mbed::TimerEvent::~TimerEvent())
C:\Users\krita\Desktop\Lecture\year_3_semester_1\Microprocessor\Lab\traffic_light_control\mbed\TARGET_LPC1768\TOOLCHAIN_GCC_CR\libmbed.a(assert.o)
                              ./SPI_TFT_ILI9341/SPI_TFT_ILI9341_NXP.o (mbed_assert_internal)
C:\Users\krita\Desktop\Lecture\year_3_semester_1\Microprocessor\Lab\traffic_light_control\mbed\TARGET_LPC1768\TOOLCHAIN_GCC_CR\libmbed.a(Timer.o)
                              ./ultrasonic.o (mbed::Timer::start())
C:\Users\krita\Desktop\Lecture\year_3_semester_1\Microprocessor\Lab\traffic_light_control\mbed\TARGET_LPC1768\TOOLCHAIN_GCC_CR\libmbed.a(error.o)
                              C:/Users/krita/Desktop/Lecture/year_3_semester_1/Microprocessor/Lab/traffic_light_control/mbed/TARGET_LPC1768/TOOLCHAIN_GCC_CR/retarget.o (error)
C:\Users\krita\Desktop\Lecture\year_3_semester_1\Microprocessor\Lab\traffic_light_control\mbed\TARGET_LPC1768\TOOLCHAIN_GCC_CR\libmbed.a(exit.o)
                              C:/Users/krita/Desktop/Lecture/year_3_semester_1/Microprocessor/Lab/traffic_light_control/mbed/TARGET_LPC1768/TOOLCHAIN_GCC_CR/retarget.o (exit)
C:\Users\krita\Desktop\Lecture\year_3_semester_1\Microprocessor\Lab\traffic_light_control\mbed\TARGET_LPC1768\TOOLCHAIN_GCC_CR\libmbed.a(gpio.o)
                              C:\Users\krita\Desktop\Lecture\year_3_semester_1\Microprocessor\Lab\traffic_light_control\mbed\TARGET_LPC1768\TOOLCHAIN_GCC_CR\libmbed.a(serial_api.o) (gpio_init_in)
C:\Users\krita\Desktop\Lecture\year_3_semester_1\Microprocessor\Lab\traffic_light_control\mbed\TARGET_LPC1768\TOOLCHAIN_GCC_CR\libmbed.a(mbed_interface.o)
                              C:\Users\krita\Desktop\Lecture\year_3_semester_1\Microprocessor\Lab\traffic_light_control\mbed\TARGET_LPC1768\TOOLCHAIN_GCC_CR\libmbed.a(exit.o) (mbed_interface_connected)
C:\Users\krita\Desktop\Lecture\year_3_semester_1\Microprocessor\Lab\traffic_light_control\mbed\TARGET_LPC1768\TOOLCHAIN_GCC_CR\libmbed.a(pinmap_common.o)
[...]
Memory Configuration

Name             Origin             Length             Attributes
MFlash512        0x00000000         0x00080000         xr
RamLoc32         0x100000c8         0x00007f38         xrw
RamAHB32         0x2007c000         0x00008000         xrw
*default*        0x00000000         0xffffffff

Linker script and memory map

LOAD ./SPI_TFT_ILI9341/GraphicsDisplay.o
LOAD ./SPI_TFT_ILI9341/SPI_TFT_ILI9341.o
LOAD ./SPI_TFT_ILI9341/SPI_TFT_ILI9341_NUCLEO.o
LOAD ./SPI_TFT_ILI9341/SPI_TFT_ILI9341_NXP.o
LOAD ./SPI_TFT_ILI9341/TextDisplay.o
LOAD ./main.o
LOAD ./ultrasonic.o
LOAD C:/Users/krita/Desktop/Lecture/year_3_semester_1/Microprocessor/Lab/traffic_light_control/mbed/TARGET_LPC1768/TOOLCHAIN_GCC_CR/retarget.o
LOAD C:/Users/krita/Desktop/Lecture/year_3_semester_1/Microprocessor/Lab/traffic_light_control/mbed/TARGET_LPC1768/TOOLCHAIN_GCC_CR/system_LPC17xx.o
LOAD C:/Users/krita/Desktop/Lecture/year_3_semester_1/Microprocessor/Lab/traffic_light_control/mbed/TARGET_LPC1768/TOOLCHAIN_GCC_CR/board.o
LOAD C:/Users/krita/Desktop/Lecture/year_3_semester_1/Microprocessor/Lab/traffic_light_control/mbed/TARGET_LPC1768/TOOLCHAIN_GCC_CR/cmsis_nvic.o
LOAD C:/Users/krita/Desktop/Lecture/year_3_semester_1/Microprocessor/Lab/traffic_light_control/mbed/TARGET_LPC1768/TOOLCHAIN_GCC_CR/startup_LPC17xx.o
LOAD C:\Users\krita\Desktop\Lecture\year_3_semester_1\Microprocessor\Lab\traffic_light_control\mbed\TARGET_LPC1768\TOOLCHAIN_GCC_CR\libmbed.a
START GROUP
LOAD c:/nxp/lpcxpresso_7.3.0_186/lpcxpresso/tools/bin/../lib/gcc/arm-none-eabi/4.8.4/armv7-m\libgcc.a
LOAD c:/nxp/lpcxpresso_7.3.0_186/lpcxpresso/tools/bin/../lib/gcc/arm-none-eabi/4.8.4/../../../../arm-none-eabi/lib/armv7-m\libc.a
LOAD c:/nxp/lpcxpresso_7.3.0_186/lpcxpresso/tools/bin/../lib/gcc/arm-none-eabi/4.8.4/../../../../arm-none-eabi/lib/armv7-m\libstdc++.a
LOAD c:/nxp/lpcxpresso_7.3.0_186/lpcxpresso/tools/bin/../lib/gcc/arm-none-eabi/4.8.4/../../../../arm-none-eabi/lib/armv7-m\libm.a
LOAD c:/nxp/lpcxpresso_7.3.0_186/lpcxpresso/tools/bin/../lib/gcc/arm-none-eabi/4.8.4/../../../../arm-none-eabi/lib/armv7-m\libcr_newlib_nohost.a
LOAD c:/nxp/lpcxpresso_7.3.0_186/lpcxpresso/tools/bin/../lib/gcc/arm-none-eabi/4.8.4/armv7-m\crti.o
LOAD c:/nxp/lpcxpresso_7.3.0_186/lpcxpresso/tools/bin/../lib/gcc/arm-none-eabi/4.8.4/armv7-m\crtn.o
LOAD c:/nxp/lpcxpresso_7.3.0_186/lpcxpresso/tools/bin/../lib/gcc/arm-none-eabi/4.8.4/armv7-m\crtbegin.o
LOAD c:/nxp/lpcxpresso_7.3.0_186/lpcxpresso/tools/bin/../lib/gcc/arm-none-eabi/4.8.4/armv7-m\crtend.o
END GROUP
                0x00080000                __top_MFlash512 = 0x80000
                0x10008000                __top_RamLoc32 = 0x10008000
                0x20084000                __top_RamAHB32 = 0x20084000

.text           0x00000000    0x13bf8
 FILL mask 0xff
 *(.isr_vector)
 .isr_vector    0x00000000       0xcc C:/Users/krita/Desktop/Lecture/year_3_semester_1/Microprocessor/Lab/traffic_light_control/mbed/TARGET_LPC1768/TOOLCHAIN_GCC_CR/startup_LPC17xx.o
                0x00000000                g_pfnVectors
                0x000000cc                . = ALIGN (0x4)
                0x000000cc                __section_table_start = .
                0x000000cc                __data_section_table = .
                0x000000cc        0x4 LONG 0x13c00 LOADADDR (.data)
                0x000000d0        0x4 LONG 0x100000c8 ADDR (.data)
                0x000000d4        0x4 LONG 0x8b0 SIZEOF (.data)
                0x000000d8        0x4 LONG 0x13c00 LOADADDR (.data_RAM2)
                0x000000dc        0x4 LONG 0x2007c000 ADDR (.data_RAM2)
                0x000000e0        0x4 LONG 0x0 SIZEOF (.data_RAM2)
                0x000000e4                __data_section_table_end = .
                0x000000e4                __bss_section_table = .
                0x000000e4        0x4 LONG 0x10000978 ADDR (.bss)
                0x000000e8        0x4 LONG 0x4d0 SIZEOF (.bss)
                0x000000ec        0x4 LONG 0x2007c000 ADDR (.bss_RAM2)
                0x000000f0        0x4 LONG 0x0 SIZEOF (.bss_RAM2)
                0x000000f4                __bss_section_table_end = .
                0x000000f4                __section_table_end = .
 *(.after_vectors*)
 .after_vectors
                0x000000f4      0x138 C:/Users/krita/Desktop/Lecture/year_3_semester_1/Microprocessor/Lab/traffic_light_control/mbed/TARGET_LPC1768/TOOLCHAIN_GCC_CR/startup_LPC17xx.o
                0x000000f4                NMI_Handler
                0x000000f8                HardFault_Handler
                0x000000fc                MemManage_Handler
                0x00000100                BusFault_Handler
                0x00000104                UsageFault_Handler
                0x00000108                SVC_Handler
                0x0000010c                DebugMon_Handler
                0x00000110                PendSV_Handler
                0x00000114                SysTick_Handler
                0x00000118                ResetISR
                0x000001c4                data_init
                0x000001f8                bss_init
                0x00000228                EINT3_IRQHandler
                0x00000228                CANActivity_IRQHandler
                0x00000228                TIMER3_IRQHandler
                0x00000228                UART0_IRQHandler
                0x00000228                UART1_IRQHandler
                0x00000228                EINT2_IRQHandler
                0x00000228                PWM1_IRQHandler
                0x00000228                IntDefaultHandler
                0x00000228                PLL0_IRQHandler
                0x00000228                USBActivity_IRQHandler
                0x00000228                PLL1_IRQHandler
                0x00000228                SSP0_IRQHandler
                0x00000228                I2S_IRQHandler
                0x00000228                I2C2_IRQHandler
                0x00000228                RTC_IRQHandler
                0x00000228                TIMER0_IRQHandler
                0x00000228                SPI_IRQHandler
                0x00000228                I2C1_IRQHandler
                0x00000228                EINT1_IRQHandler
                0x00000228                TIMER1_IRQHandler
                0x00000228                UART2_IRQHandler
                0x00000228                ADC_IRQHandler
                0x00000228                SSP1_IRQHandler
                0x00000228                USB_IRQHandler
                0x00000228                BOD_IRQHandler
                0x00000228                I2C0_IRQHandler
                0x00000228                WDT_IRQHandler
                0x00000228                RIT_IRQHandler
                0x00000228                QEI_IRQHandler
                0x00000228                EINT0_IRQHandler
                0x00000228                CAN_IRQHandler
                0x00000228                DMA_IRQHandler
                0x00000228                TIMER2_IRQHandler
                0x00000228                UART3_IRQHandler
                0x00000228                MCPWM_IRQHandler
                0x00000228                ENET_IRQHandler
 *(.text*)
 .text._ZN15GraphicsDisplay9characterEiii
                0x0000022c       0x24 ./SPI_TFT_ILI9341/GraphicsDisplay.o
                0x0000022c                GraphicsDisplay::character(int, int, int)
 .text._ZN15GraphicsDisplay6windowEjjjj
                0x00000250       0x20 ./SPI_TFT_ILI9341/GraphicsDisplay.o
                0x00000250                GraphicsDisplay::window(unsigned int, unsigned int, unsigned int, unsigned int)
 .text._ZN15GraphicsDisplay4putpEi
                0x00000270       0x44 ./SPI_TFT_ILI9341/GraphicsDisplay.o
                0x00000270                GraphicsDisplay::putp(int)
 .text._ZN15GraphicsDisplay4fillEiiiii
                0x000002b4       0x34 ./SPI_TFT_ILI9341/GraphicsDisplay.o
                0x000002b4                GraphicsDisplay::fill(int, int, int, int, int)
 .text._ZN15GraphicsDisplay3clsEv
                0x000002e8       0x2c ./SPI_TFT_ILI9341/GraphicsDisplay.o
                0x000002e8                GraphicsDisplay::cls()
 .text._ZN15GraphicsDisplay4blitEiiiiPKi
                0x00000314       0x38 ./SPI_TFT_ILI9341/GraphicsDisplay.o
                0x00000314                GraphicsDisplay::blit(int, int, int, int, int const*)
 .text._ZN15GraphicsDisplay7blitbitEiiiiPKc
                0x0000034c       0x48 ./SPI_TFT_ILI9341/GraphicsDisplay.o
                0x0000034c                GraphicsDisplay::blitbit(int, int, int, int, char const*)
 .text._ZN15GraphicsDisplay7columnsEv
                0x00000394       0x14 ./SPI_TFT_ILI9341/GraphicsDisplay.o
                0x00000394                GraphicsDisplay::columns()
 .text._ZN15GraphicsDisplay4rowsEv
                0x000003a8       0x14 ./SPI_TFT_ILI9341/GraphicsDisplay.o
                0x000003a8                GraphicsDisplay::rows()
 .text._ZN15GraphicsDisplayD2Ev
                0x000003bc       0x18 ./SPI_TFT_ILI9341/GraphicsDisplay.o
                0x000003bc                GraphicsDisplay::~GraphicsDisplay()
                0x000003bc                GraphicsDisplay::~GraphicsDisplay()
 .text._ZN15GraphicsDisplayD1Ev
                0x000003d4        0x8 ./SPI_TFT_ILI9341/GraphicsDisplay.o
                0x000003d4                non-virtual thunk to GraphicsDisplay::~GraphicsDisplay()
 .text._ZN15GraphicsDisplayD0Ev
                0x000003dc       0x28 ./SPI_TFT_ILI9341/GraphicsDisplay.o
                0x000003dc                GraphicsDisplay::~GraphicsDisplay()
                0x000003fc                non-virtual thunk to GraphicsDisplay::~GraphicsDisplay()
 .text._ZN15GraphicsDisplayC2EPKc
                0x00000404       0x30 ./SPI_TFT_ILI9341/GraphicsDisplay.o
                0x00000404                GraphicsDisplay::GraphicsDisplay(char const*)
                0x00000404                GraphicsDisplay::GraphicsDisplay(char const*)
 .text._ZN15SPI_TFT_ILI93417f_writeEi
                0x00000434       0x10 ./SPI_TFT_ILI9341/SPI_TFT_ILI9341_NXP.o
                0x00000434                SPI_TFT_ILI9341::f_write(int)
 .text._ZN15SPI_TFT_ILI93417spi_bsyEv
                0x00000444        0xc ./SPI_TFT_ILI9341/SPI_TFT_ILI9341_NXP.o
                0x00000444                SPI_TFT_ILI9341::spi_bsy()
 .text._ZN15SPI_TFT_ILI93416spi_16Eb
                0x00000450       0x1c ./SPI_TFT_ILI9341/SPI_TFT_ILI9341_NXP.o
                0x00000450                SPI_TFT_ILI9341::spi_16(bool)
 .text._ZN15SPI_TFT_ILI93415widthEv
                0x0000046c       0x18 ./SPI_TFT_ILI9341/SPI_TFT_ILI9341_NXP.o
                0x0000046c                SPI_TFT_ILI9341::width()
 .text._ZN15SPI_TFT_ILI93416heightEv
                0x00000484       0x1c ./SPI_TFT_ILI9341/SPI_TFT_ILI9341_NXP.o
                0x00000484                SPI_TFT_ILI9341::height()
 .text._ZN15SPI_TFT_ILI93416locateEii
                0x000004a0        0xc ./SPI_TFT_ILI9341/SPI_TFT_ILI9341_NXP.o
                0x000004a0                SPI_TFT_ILI9341::locate(int, int)
 .text._ZN15SPI_TFT_ILI93417columnsEv
                0x000004ac       0x18 ./SPI_TFT_ILI9341/SPI_TFT_ILI9341_NXP.o
                0x000004ac                SPI_TFT_ILI9341::columns()
 .text._ZN15SPI_TFT_ILI93414rowsEv
                0x000004c4       0x18 ./SPI_TFT_ILI9341/SPI_TFT_ILI9341_NXP.o
                0x000004c4                SPI_TFT_ILI9341::rows()
 .text._ZN15SPI_TFT_ILI93415_putcEi
                0x000004dc       0x50 ./SPI_TFT_ILI9341/SPI_TFT_ILI9341_NXP.o
                0x000004dc                SPI_TFT_ILI9341::_putc(int)
 .text._ZN15SPI_TFT_ILI9341D2Ev
                0x0000052c       0x20 ./SPI_TFT_ILI9341/SPI_TFT_ILI9341_NXP.o
                0x0000052c                SPI_TFT_ILI9341::~SPI_TFT_ILI9341()
                0x0000052c                SPI_TFT_ILI9341::~SPI_TFT_ILI9341()
 .text._ZN15SPI_TFT_ILI9341D1Ev
                0x0000054c       0x10 ./SPI_TFT_ILI9341/SPI_TFT_ILI9341_NXP.o
                0x0000054c                non-virtual thunk to SPI_TFT_ILI9341::~SPI_TFT_ILI9341()
                0x00000554                non-virtual thunk to SPI_TFT_ILI9341::~SPI_TFT_ILI9341()
 .text._ZN15SPI_TFT_ILI9341D0Ev
                0x0000055c       0x38 ./SPI_TFT_ILI9341/SPI_TFT_ILI9341_NXP.o
                0x0000055c                SPI_TFT_ILI9341::~SPI_TFT_ILI9341()
                0x00000584                non-virtual thunk to SPI_TFT_ILI9341::~SPI_TFT_ILI9341()
                0x0000058c                non-virtual thunk to SPI_TFT_ILI9341::~SPI_TFT_ILI9341()
 .text._ZN15SPI_TFT_ILI93416wr_cmdEh
                0x00000594       0x74 ./SPI_TFT_ILI9341/SPI_TFT_ILI9341_NXP.o
                0x00000594                SPI_TFT_ILI9341::wr_cmd(unsigned char)
 .text._ZN15SPI_TFT_ILI93415pixelEiii
                0x00000608       0xe8 ./SPI_TFT_ILI9341/SPI_TFT_ILI9341_NXP.o
                0x00000608                SPI_TFT_ILI9341::pixel(int, int, int)
 .text._ZN15SPI_TFT_ILI93416windowEjjjj
                0x000006f0       0xbc ./SPI_TFT_ILI9341/SPI_TFT_ILI9341_NXP.o
                0x000006f0                SPI_TFT_ILI9341::window(unsigned int, unsigned int, unsigned int, unsigned int)
 .text._ZN15SPI_TFT_ILI93419WindowMaxEv
                0x000007ac       0x28 ./SPI_TFT_ILI9341/SPI_TFT_ILI9341_NXP.o
                0x000007ac                SPI_TFT_ILI9341::WindowMax()
 .text._ZN15SPI_TFT_ILI934115set_orientationEj
                0x000007d4       0x80 ./SPI_TFT_ILI9341/SPI_TFT_ILI9341_NXP.o
                0x000007d4                SPI_TFT_ILI9341::set_orientation(unsigned int)
 .text._ZN15SPI_TFT_ILI93419tft_resetEv
                0x00000854      0x6b4 ./SPI_TFT_ILI9341/SPI_TFT_ILI9341_NXP.o
                0x00000854                SPI_TFT_ILI9341::tft_reset()
 .text._ZN15SPI_TFT_ILI9341C2E7PinNameS0_S0_S0_S0_S0_PKc
                0x00000f08       0xd8 ./SPI_TFT_ILI9341/SPI_TFT_ILI9341_NXP.o
                0x00000f08                SPI_TFT_ILI9341::SPI_TFT_ILI9341(PinName, PinName, PinName, PinName, PinName, PinName, char const*)
                0x00000f08                SPI_TFT_ILI9341::SPI_TFT_ILI9341(PinName, PinName, PinName, PinName, PinName, PinName, char const*)
 .text._ZN15SPI_TFT_ILI93419characterEiii
                0x00000fe0      0x288 ./SPI_TFT_ILI9341/SPI_TFT_ILI9341_NXP.o
                0x00000fe0                SPI_TFT_ILI9341::character(int, int, int)
 .text._ZN15SPI_TFT_ILI93418fillrectEiiiii
                0x00001268      0x10c ./SPI_TFT_ILI9341/SPI_TFT_ILI9341_NXP.o
                0x00001268                SPI_TFT_ILI9341::fillrect(int, int, int, int, int)
 .text._ZN15SPI_TFT_ILI93413clsEv
                0x00001374       0x30 ./SPI_TFT_ILI9341/SPI_TFT_ILI9341_NXP.o
                0x00001374                SPI_TFT_ILI9341::cls()
 .text._ZN15SPI_TFT_ILI93418set_fontEPh
                0x000013a4        0x8 ./SPI_TFT_ILI9341/SPI_TFT_ILI9341_NXP.o
                0x000013a4                SPI_TFT_ILI9341::set_font(unsigned char*)
 .text._ZN11TextDisplay5_putcEi
                0x000013ac       0x68 ./SPI_TFT_ILI9341/TextDisplay.o
                0x000013ac                TextDisplay::_putc(int)
 .text._ZN11TextDisplay6locateEii
                0x00001414        0x8 ./SPI_TFT_ILI9341/TextDisplay.o
                0x00001414                TextDisplay::locate(int, int)
 .text._ZN11TextDisplay5_getcEv
                0x0000141c        0x8 ./SPI_TFT_ILI9341/TextDisplay.o
                0x0000141c                TextDisplay::_getc()
 .text._ZN11TextDisplay10foregroundEt
                0x00001424        0x4 ./SPI_TFT_ILI9341/TextDisplay.o
                0x00001424                TextDisplay::foreground(unsigned short)
 .text._ZN11TextDisplay10backgroundEt
                0x00001428        0x4 ./SPI_TFT_ILI9341/TextDisplay.o
                0x00001428                TextDisplay::background(unsigned short)
 .text._ZN11TextDisplay3clsEv
                0x0000142c       0x3c ./SPI_TFT_ILI9341/TextDisplay.o
                0x0000142c                TextDisplay::cls()
 .text._ZN11TextDisplay5claimEP7__sFILE
                0x00001468       0x50 ./SPI_TFT_ILI9341/TextDisplay.o
                0x00001468                TextDisplay::claim(__sFILE*)
 .text._ZN11TextDisplayD2Ev
                0x000014b8       0x1c ./SPI_TFT_ILI9341/TextDisplay.o
                0x000014b8                TextDisplay::~TextDisplay()
                0x000014b8                TextDisplay::~TextDisplay()
 .text._ZN11TextDisplayD1Ev
                0x000014d4        0x8 ./SPI_TFT_ILI9341/TextDisplay.o
                0x000014d4                non-virtual thunk to TextDisplay::~TextDisplay()
 .text._ZN11TextDisplayD0Ev
                0x000014dc       0x2c ./SPI_TFT_ILI9341/TextDisplay.o
                0x000014dc                TextDisplay::~TextDisplay()
                0x00001500                non-virtual thunk to TextDisplay::~TextDisplay()
 .text._ZN11TextDisplayC2EPKc
                0x00001508       0x44 ./SPI_TFT_ILI9341/TextDisplay.o
                0x00001508                TextDisplay::TextDisplay(char const*)
                0x00001508                TextDisplay::TextDisplay(char const*)
 .text._Z4disti
                0x0000154c       0x38 ./main.o
                0x0000154c                dist(int)
 .text._Z41__static_initialization_and_destruction_0ii
                0x00001584       0xb8 ./main.o
 .text._Z5delayv
                0x0000163c       0x20 ./main.o
                0x0000163c                delay()
 .text._Z17countdown_segmenti
                0x0000165c      0x15c ./main.o
                0x0000165c                countdown_segment(int)
 .text.main     0x000017b8      0x3cc ./main.o
                0x000017b8                main
 .text._GLOBAL__sub_I_LCD_LED
                0x00001b84       0x10 ./main.o
 .text._ZN10ultrasonicD2Ev
                0x00001b94       0x2c ./main.o
                0x00001b94                ultrasonic::~ultrasonic()
                0x00001b94                ultrasonic::~ultrasonic()
 .text._ZN10ultrasonic7_startTEv
                0x00001bc0       0x2c ./ultrasonic.o
                0x00001bc0                ultrasonic::_startT()
 .text._ZN4mbed15FunctionPointer12membercallerI10ultrasonicEEvPvPc
                0x00001bec       0x2c ./ultrasonic.o
                0x00001bec                void mbed::FunctionPointer::membercaller<ultrasonic>(void*, char*)
 .text._ZN10ultrasonic11_updateDistEv
                0x00001c18       0xac ./ultrasonic.o
                0x00001c18                ultrasonic::_updateDist()
 .text._ZN10ultrasonic10_startTrigEv
                0x00001cc4      0x144 ./ultrasonic.o
                0x00001cc4                ultrasonic::_startTrig()
 .text._ZN10ultrasonicC2E7PinNameS0_ffPFviE
                0x00001e08       0x70 ./ultrasonic.o
                0x00001e08                ultrasonic::ultrasonic(PinName, PinName, float, float, void (*)(int))
                0x00001e08                ultrasonic::ultrasonic(PinName, PinName, float, float, void (*)(int))
 .text._ZN10ultrasonic12startUpdatesEv
                0x00001e78        0x8 ./ultrasonic.o
                0x00001e78                ultrasonic::startUpdates()
 .text._ZN10ultrasonic9isUpdatedEv
                0x00001e80       0x14 ./ultrasonic.o
                0x00001e80                ultrasonic::isUpdated()
 .text._ZN10ultrasonic13checkDistanceEv
                0x00001e94       0x18 ./ultrasonic.o
                0x00001e94                ultrasonic::checkDistance()
 .text._ZN4mbed10FileHandle4flenEv
                0x00001eac       0x38 C:/Users/krita/Desktop/Lecture/year_3_semester_1/Microprocessor/Lab/traffic_light_control/mbed/TARGET_LPC1768/TOOLCHAIN_GCC_CR/retarget.o
                0x00001eac                mbed::FileHandle::flen()
 .text._ZN4mbed10FileHandleD2Ev
                0x00001ee4       0x40 C:/Users/krita/Desktop/Lecture/year_3_semester_1/Microprocessor/Lab/traffic_light_control/mbed/TARGET_LPC1768/TOOLCHAIN_GCC_CR/retarget.o
                0x00001ee4                mbed::FileHandle::~FileHandle()
                0x00001ee4                mbed::FileHandle::~FileHandle()
 .text._ZN4mbed10FileHandleD0Ev
                0x00001f24       0x48 C:/Users/krita/Desktop/Lecture/year_3_semester_1/Microprocessor/Lab/traffic_light_control/mbed/TARGET_LPC1768/TOOLCHAIN_GCC_CR/retarget.o
                0x00001f24                mbed::FileHandle::~FileHandle()
 .text._ZL11init_serialv
                0x00001f6c       0x28 C:/Users/krita/Desktop/Lecture/year_3_semester_1/Microprocessor/Lab/traffic_light_control/mbed/TARGET_LPC1768/TOOLCHAIN_GCC_CR/retarget.o
 .text._open    0x00001f94       0xe4 C:/Users/krita/Desktop/Lecture/year_3_semester_1/Microprocessor/Lab/traffic_light_control/mbed/TARGET_LPC1768/TOOLCHAIN_GCC_CR/retarget.o
                0x00001f94                _open
 .text._close   0x00002078       0x2c C:/Users/krita/Desktop/Lecture/year_3_semester_1/Microprocessor/Lab/traffic_light_control/mbed/TARGET_LPC1768/TOOLCHAIN_GCC_CR/retarget.o
                0x00002078                _close
 .text._write   0x000020a4       0x88 C:/Users/krita/Desktop/Lecture/year_3_semester_1/Microprocessor/Lab/traffic_light_control/mbed/TARGET_LPC1768/TOOLCHAIN_GCC_CR/retarget.o
                0x000020a4                _write
 .text._read    0x0000212c       0x50 C:/Users/krita/Desktop/Lecture/year_3_semester_1/Microprocessor/Lab/traffic_light_control/mbed/TARGET_LPC1768/TOOLCHAIN_GCC_CR/retarget.o
                0x0000212c                _read
 .text._isatty  0x0000217c       0x28 C:/Users/krita/Desktop/Lecture/year_3_semester_1/Microprocessor/Lab/traffic_light_control/mbed/TARGET_LPC1768/TOOLCHAIN_GCC_CR/retarget.o
                0x0000217c                _isatty
 .text._lseek   0x000021a4       0x28 C:/Users/krita/Desktop/Lecture/year_3_semester_1/Microprocessor/Lab/traffic_light_control/mbed/TARGET_LPC1768/TOOLCHAIN_GCC_CR/retarget.o
                0x000021a4                _lseek
 .text._fstat   0x000021cc       0x20 C:/Users/krita/Desktop/Lecture/year_3_semester_1/Microprocessor/Lab/traffic_light_control/mbed/TARGET_LPC1768/TOOLCHAIN_GCC_CR/retarget.o
                0x000021cc                _fstat
 .text.__cxa_pure_virtual
                0x000021ec        0x8 C:/Users/krita/Desktop/Lecture/year_3_semester_1/Microprocessor/Lab/traffic_light_control/mbed/TARGET_LPC1768/TOOLCHAIN_GCC_CR/retarget.o
                0x000021ec                __cxa_pure_virtual
 .text.SystemInit
                0x000021f4       0xd0 C:/Users/krita/Desktop/Lecture/year_3_semester_1/Microprocessor/Lab/traffic_light_control/mbed/TARGET_LPC1768/TOOLCHAIN_GCC_CR/system_LPC17xx.o
                0x000021f4                SystemInit
 .text.mbed_die
                0x000022c4      0x160 C:/Users/krita/Desktop/Lecture/year_3_semester_1/Microprocessor/Lab/traffic_light_control/mbed/TARGET_LPC1768/TOOLCHAIN_GCC_CR/board.o
                0x000022c4                mbed_die
 .text.NVIC_SetVector
                0x00002424       0x54 C:/Users/krita/Desktop/Lecture/year_3_semester_1/Microprocessor/Lab/traffic_light_control/mbed/TARGET_LPC1768/TOOLCHAIN_GCC_CR/cmsis_nvic.o
                0x00002424                NVIC_SetVector
 .text.__aeabi_atexit
                0x00002478        0x4 C:/Users/krita/Desktop/Lecture/year_3_semester_1/Microprocessor/Lab/traffic_light_control/mbed/TARGET_LPC1768/TOOLCHAIN_GCC_CR/startup_LPC17xx.o
                0x00002478                __aeabi_atexit
 .text._Znaj    0x0000247c        0x4 C:/Users/krita/Desktop/Lecture/year_3_semester_1/Microprocessor/Lab/traffic_light_control/mbed/TARGET_LPC1768/TOOLCHAIN_GCC_CR/startup_LPC17xx.o
                0x0000247c                operator new[](unsigned int)
 .text._ZdlPv   0x00002480        0x4 C:/Users/krita/Desktop/Lecture/year_3_semester_1/Microprocessor/Lab/traffic_light_control/mbed/TARGET_LPC1768/TOOLCHAIN_GCC_CR/startup_LPC17xx.o
                0x00002480                operator delete(void*)
 .text.handle_interrupt_in
                0x00002484      0x154 C:\Users\krita\Desktop\Lecture\year_3_semester_1\Microprocessor\Lab\traffic_light_control\mbed\TARGET_LPC1768\TOOLCHAIN_GCC_CR\libmbed.a(gpio_irq_api.o)
 .text.gpio_irq_init
                0x000025d8       0x78 C:\Users\krita\Desktop\Lecture\year_3_semester_1\Microprocessor\Lab\traffic_light_control\mbed\TARGET_LPC1768\TOOLCHAIN_GCC_CR\libmbed.a(gpio_irq_api.o)
                0x000025d8                gpio_irq_init
 .text.gpio_irq_free
                0x00002650       0x14 C:\Users\krita\Desktop\Lecture\year_3_semester_1\Microprocessor\Lab\traffic_light_control\mbed\TARGET_LPC1768\TOOLCHAIN_GCC_CR\libmbed.a(gpio_irq_api.o)
                0x00002650                gpio_irq_free
 .text.gpio_irq_set
                0x00002664      0x164 C:\Users\krita\Desktop\Lecture\year_3_semester_1\Microprocessor\Lab\traffic_light_control\mbed\TARGET_LPC1768\TOOLCHAIN_GCC_CR\libmbed.a(gpio_irq_api.o)
                0x00002664                gpio_irq_set
 .text.gpio_irq_enable
                0x000027c8       0x10 C:\Users\krita\Desktop\Lecture\year_3_semester_1\Microprocessor\Lab\traffic_light_control\mbed\TARGET_LPC1768\TOOLCHAIN_GCC_CR\libmbed.a(gpio_irq_api.o)
                0x000027c8                gpio_irq_enable
 .text.serial_irq_set_internal
                0x000027d8       0xe8 C:\Users\krita\Desktop\Lecture\year_3_semester_1\Microprocessor\Lab\traffic_light_control\mbed\TARGET_LPC1768\TOOLCHAIN_GCC_CR\libmbed.a(serial_api.o)
 .text.uart0_irq
                0x000028c0       0x60 C:\Users\krita\Desktop\Lecture\year_3_semester_1\Microprocessor\Lab\traffic_light_control\mbed\TARGET_LPC1768\TOOLCHAIN_GCC_CR\libmbed.a(serial_api.o)
                0x000028c0                uart0_irq
 .text.uart3_irq
                0x00002920       0x68 C:\Users\krita\Desktop\Lecture\year_3_semester_1\Microprocessor\Lab\traffic_light_control\mbed\TARGET_LPC1768\TOOLCHAIN_GCC_CR\libmbed.a(serial_api.o)
                0x00002920                uart3_irq
 .text.uart2_irq
                0x00002988       0x64 C:\Users\krita\Desktop\Lecture\year_3_semester_1\Microprocessor\Lab\traffic_light_control\mbed\TARGET_LPC1768\TOOLCHAIN_GCC_CR\libmbed.a(serial_api.o)
                0x00002988                uart2_irq
 .text.uart1_irq
                0x000029ec       0x60 C:\Users\krita\Desktop\Lecture\year_3_semester_1\Microprocessor\Lab\traffic_light_control\mbed\TARGET_LPC1768\TOOLCHAIN_GCC_CR\libmbed.a(serial_api.o)
                0x000029ec                uart1_irq
 .text.serial_baud
                0x00002a4c      0x3a8 C:\Users\krita\Desktop\Lecture\year_3_semester_1\Microprocessor\Lab\traffic_light_control\mbed\TARGET_LPC1768\TOOLCHAIN_GCC_CR\libmbed.a(serial_api.o)
                0x00002a4c                serial_baud
 .text.serial_format
                0x00002df4       0x7c C:\Users\krita\Desktop\Lecture\year_3_semester_1\Microprocessor\Lab\traffic_light_control\mbed\TARGET_LPC1768\TOOLCHAIN_GCC_CR\libmbed.a(serial_api.o)
                0x00002df4                serial_format
 .text.serial_getc
                0x00002e70       0x34 C:\Users\krita\Desktop\Lecture\year_3_semester_1\Microprocessor\Lab\traffic_light_control\mbed\TARGET_LPC1768\TOOLCHAIN_GCC_CR\libmbed.a(serial_api.o)
                0x00002e70                serial_getc
 .text.serial_writable
                0x00002ea4       0x78 C:\Users\krita\Desktop\Lecture\year_3_semester_1\Microprocessor\Lab\traffic_light_control\mbed\TARGET_LPC1768\TOOLCHAIN_GCC_CR\libmbed.a(serial_api.o)
                0x00002ea4                serial_writable
 .text.serial_putc
                0x00002f1c       0x34 C:\Users\krita\Desktop\Lecture\year_3_semester_1\Microprocessor\Lab\traffic_light_control\mbed\TARGET_LPC1768\TOOLCHAIN_GCC_CR\libmbed.a(serial_api.o)
                0x00002f1c                serial_putc
 .text.serial_set_flow_control
                0x00002f50      0x140 C:\Users\krita\Desktop\Lecture\year_3_semester_1\Microprocessor\Lab\traffic_light_control\mbed\TARGET_LPC1768\TOOLCHAIN_GCC_CR\libmbed.a(serial_api.o)
                0x00002f50                serial_set_flow_control
 .text.serial_init
                0x00003090      0x34c C:\Users\krita\Desktop\Lecture\year_3_semester_1\Microprocessor\Lab\traffic_light_control\mbed\TARGET_LPC1768\TOOLCHAIN_GCC_CR\libmbed.a(serial_api.o)
                0x00003090                serial_init
 .text._ZN4mbed15FunctionPointerC2EPFvvE
                0x000033dc        0xc C:\Users\krita\Desktop\Lecture\year_3_semester_1\Microprocessor\Lab\traffic_light_control\mbed\TARGET_LPC1768\TOOLCHAIN_GCC_CR\libmbed.a(FunctionPointer.o)
                0x000033dc                mbed::FunctionPointer::FunctionPointer(void (*)())
                0x000033dc                mbed::FunctionPointer::FunctionPointer(void (*)())
 .text._ZN4mbed15FunctionPointer6attachEPFvvE
                0x000033e8        0x8 C:\Users\krita\Desktop\Lecture\year_3_semester_1\Microprocessor\Lab\traffic_light_control\mbed\TARGET_LPC1768\TOOLCHAIN_GCC_CR\libmbed.a(FunctionPointer.o)
                0x000033e8                mbed::FunctionPointer::attach(void (*)())
 .text._ZN4mbed15FunctionPointer4callEv
                0x000033f0       0x1c C:\Users\krita\Desktop\Lecture\year_3_semester_1\Microprocessor\Lab\traffic_light_control\mbed\TARGET_LPC1768\TOOLCHAIN_GCC_CR\libmbed.a(FunctionPointer.o)
                0x000033f0                mbed::FunctionPointer::call()
 .text._ZN4mbed8FilePathC2EPKc
                0x0000340c       0x58 C:\Users\krita\Desktop\Lecture\year_3_semester_1\Microprocessor\Lab\traffic_light_control\mbed\TARGET_LPC1768\TOOLCHAIN_GCC_CR\libmbed.a(FilePath.o)
                0x0000340c                mbed::FilePath::FilePath(char const*)
                0x0000340c                mbed::FilePath::FilePath(char const*)
 .text._ZN4mbed8FilePath8fileNameEv
                0x00003464        0x4 C:\Users\krita\Desktop\Lecture\year_3_semester_1\Microprocessor\Lab\traffic_light_control\mbed\TARGET_LPC1768\TOOLCHAIN_GCC_CR\libmbed.a(FilePath.o)
                0x00003464                mbed::FilePath::fileName()
 .text._ZN4mbed8FilePath12isFileSystemEv
                0x00003468       0x18 C:\Users\krita\Desktop\Lecture\year_3_semester_1\Microprocessor\Lab\traffic_light_control\mbed\TARGET_LPC1768\TOOLCHAIN_GCC_CR\libmbed.a(FilePath.o)
                0x00003468                mbed::FilePath::isFileSystem()
 .text._ZN4mbed8FilePath10fileSystemEv
                0x00003480       0x10 C:\Users\krita\Desktop\Lecture\year_3_semester_1\Microprocessor\Lab\traffic_light_control\mbed\TARGET_LPC1768\TOOLCHAIN_GCC_CR\libmbed.a(FilePath.o)
                0x00003480                mbed::FilePath::fileSystem()
 .text._ZN4mbed8FilePath6isFileEv
                0x00003490       0x14 C:\Users\krita\Desktop\Lecture\year_3_semester_1\Microprocessor\Lab\traffic_light_control\mbed\TARGET_LPC1768\TOOLCHAIN_GCC_CR\libmbed.a(FilePath.o)
                0x00003490                mbed::FilePath::isFile()
 .text._ZN4mbed8FilePath4fileEv
                0x000034a4       0x14 C:\Users\krita\Desktop\Lecture\year_3_semester_1\Microprocessor\Lab\traffic_light_control\mbed\TARGET_LPC1768\TOOLCHAIN_GCC_CR\libmbed.a(FilePath.o)
                0x000034a4                mbed::FilePath::file()
 .text._ZN4mbed8FilePath6existsEv
                0x000034b8        0xc C:\Users\krita\Desktop\Lecture\year_3_semester_1\Microprocessor\Lab\traffic_light_control\mbed\TARGET_LPC1768\TOOLCHAIN_GCC_CR\libmbed.a(FilePath.o)
                0x000034b8                mbed::FilePath::exists()
 .text._ZN4mbed11InterruptIn12_irq_handlerEm14gpio_irq_event
                0x000034c4       0x18 C:\Users\krita\Desktop\Lecture\year_3_semester_1\Microprocessor\Lab\traffic_light_control\mbed\TARGET_LPC1768\TOOLCHAIN_GCC_CR\libmbed.a(InterruptIn.o)
                0x000034c4                mbed::InterruptIn::_irq_handler(unsigned long, gpio_irq_event)
 .text._ZN4mbed11InterruptInD2Ev
                0x000034dc       0x18 C:\Users\krita\Desktop\Lecture\year_3_semester_1\Microprocessor\Lab\traffic_light_control\mbed\TARGET_LPC1768\TOOLCHAIN_GCC_CR\libmbed.a(InterruptIn.o)
                0x000034dc                mbed::InterruptIn::~InterruptIn()
                0x000034dc                mbed::InterruptIn::~InterruptIn()
 .text._ZN4mbed11InterruptInD0Ev
                0x000034f4       0x1c C:\Users\krita\Desktop\Lecture\year_3_semester_1\Microprocessor\Lab\traffic_light_control\mbed\TARGET_LPC1768\TOOLCHAIN_GCC_CR\libmbed.a(InterruptIn.o)
                0x000034f4                mbed::InterruptIn::~InterruptIn()
 .text._ZN4mbed11InterruptInC2E7PinName
                0x00003510       0x58 C:\Users\krita\Desktop\Lecture\year_3_semester_1\Microprocessor\Lab\traffic_light_control\mbed\TARGET_LPC1768\TOOLCHAIN_GCC_CR\libmbed.a(InterruptIn.o)
                0x00003510                mbed::InterruptIn::InterruptIn(PinName)
                0x00003510                mbed::InterruptIn::InterruptIn(PinName)
 .text._ZN4mbed11InterruptIn10enable_irqEv
                0x00003568        0x8 C:\Users\krita\Desktop\Lecture\year_3_semester_1\Microprocessor\Lab\traffic_light_control\mbed\TARGET_LPC1768\TOOLCHAIN_GCC_CR\libmbed.a(InterruptIn.o)
                0x00003568                mbed::InterruptIn::enable_irq()
 .text._ZN4mbed3SPID2Ev
                0x00003570        0xc C:\Users\krita\Desktop\Lecture\year_3_semester_1\Microprocessor\Lab\traffic_light_control\mbed\TARGET_LPC1768\TOOLCHAIN_GCC_CR\libmbed.a(SPI.o)
                0x00003570                mbed::SPI::~SPI()
                0x00003570                mbed::SPI::~SPI()
 .text._ZN4mbed3SPID0Ev
                0x0000357c       0x14 C:\Users\krita\Desktop\Lecture\year_3_semester_1\Microprocessor\Lab\traffic_light_control\mbed\TARGET_LPC1768\TOOLCHAIN_GCC_CR\libmbed.a(SPI.o)
                0x0000357c                mbed::SPI::~SPI()
 .text._ZN4mbed3SPIC2E7PinNameS1_S1_S1_
                0x00003590       0x54 C:\Users\krita\Desktop\Lecture\year_3_semester_1\Microprocessor\Lab\traffic_light_control\mbed\TARGET_LPC1768\TOOLCHAIN_GCC_CR\libmbed.a(SPI.o)
                0x00003590                mbed::SPI::SPI(PinName, PinName, PinName, PinName)
                0x00003590                mbed::SPI::SPI(PinName, PinName, PinName, PinName)
 .text._ZN4mbed3SPI6aquireEv
                0x000035e4       0x2c C:\Users\krita\Desktop\Lecture\year_3_semester_1\Microprocessor\Lab\traffic_light_control\mbed\TARGET_LPC1768\TOOLCHAIN_GCC_CR\libmbed.a(SPI.o)
                0x000035e4                mbed::SPI::aquire()
 .text._ZN4mbed3SPI5writeEi
                0x00003610       0x18 C:\Users\krita\Desktop\Lecture\year_3_semester_1\Microprocessor\Lab\traffic_light_control\mbed\TARGET_LPC1768\TOOLCHAIN_GCC_CR\libmbed.a(SPI.o)
                0x00003610                mbed::SPI::write(int)
 .text._ZN4mbed3SPI9frequencyEi
                0x00003628       0x14 C:\Users\krita\Desktop\Lecture\year_3_semester_1\Microprocessor\Lab\traffic_light_control\mbed\TARGET_LPC1768\TOOLCHAIN_GCC_CR\libmbed.a(SPI.o)
                0x00003628                mbed::SPI::frequency(int)
 .text._ZN4mbed3SPI6formatEii
                0x0000363c       0x14 C:\Users\krita\Desktop\Lecture\year_3_semester_1\Microprocessor\Lab\traffic_light_control\mbed\TARGET_LPC1768\TOOLCHAIN_GCC_CR\libmbed.a(SPI.o)
                0x0000363c                mbed::SPI::format(int, int)
 .text._ZN4mbed6Ticker7handlerEv
                0x00003650       0x28 C:\Users\krita\Desktop\Lecture\year_3_semester_1\Microprocessor\Lab\traffic_light_control\mbed\TARGET_LPC1768\TOOLCHAIN_GCC_CR\libmbed.a(Ticker.o)
                0x00003650                mbed::Ticker::handler()
 .text._ZN4mbed6Ticker6detachEv
                0x00003678       0x18 C:\Users\krita\Desktop\Lecture\year_3_semester_1\Microprocessor\Lab\traffic_light_control\mbed\TARGET_LPC1768\TOOLCHAIN_GCC_CR\libmbed.a(Ticker.o)
                0x00003678                mbed::Ticker::detach()
 .text._ZN4mbed6TickerD2Ev
                0x00003690       0x1c C:\Users\krita\Desktop\Lecture\year_3_semester_1\Microprocessor\Lab\traffic_light_control\mbed\TARGET_LPC1768\TOOLCHAIN_GCC_CR\libmbed.a(Ticker.o)
                0x00003690                mbed::Ticker::~Ticker()
                0x00003690                mbed::Ticker::~Ticker()
 .text._ZN4mbed6TickerD0Ev
                0x000036ac       0x20 C:\Users\krita\Desktop\Lecture\year_3_semester_1\Microprocessor\Lab\traffic_light_control\mbed\TARGET_LPC1768\TOOLCHAIN_GCC_CR\libmbed.a(Ticker.o)
                0x000036ac                mbed::Ticker::~Ticker()
 .text._ZN4mbed6Ticker5setupEy
                0x000036cc       0x24 C:\Users\krita\Desktop\Lecture\year_3_semester_1\Microprocessor\Lab\traffic_light_control\mbed\TARGET_LPC1768\TOOLCHAIN_GCC_CR\libmbed.a(Ticker.o)
                0x000036cc                mbed::Ticker::setup(unsigned long long)
 .text._ZN4mbed6Stream5closeEv
                0x000036f0        0x4 C:\Users\krita\Desktop\Lecture\year_3_semester_1\Microprocessor\Lab\traffic_light_control\mbed\TARGET_LPC1768\TOOLCHAIN_GCC_CR\libmbed.a(Stream.o)
                0x000036f0                mbed::Stream::close()
 .text._ZN4mbed6Stream5writeEPKvj
                0x000036f4       0x7c C:\Users\krita\Desktop\Lecture\year_3_semester_1\Microprocessor\Lab\traffic_light_control\mbed\TARGET_LPC1768\TOOLCHAIN_GCC_CR\libmbed.a(Stream.o)
                0x000036f4                mbed::Stream::write(void const*, unsigned int)
 .text._ZN4mbed6Stream4readEPvj
                0x00003770       0x7c C:\Users\krita\Desktop\Lecture\year_3_semester_1\Microprocessor\Lab\traffic_light_control\mbed\TARGET_LPC1768\TOOLCHAIN_GCC_CR\libmbed.a(Stream.o)
                0x00003770                mbed::Stream::read(void*, unsigned int)
 .text._ZN4mbed6Stream5lseekEli
                0x000037ec        0x4 C:\Users\krita\Desktop\Lecture\year_3_semester_1\Microprocessor\Lab\traffic_light_control\mbed\TARGET_LPC1768\TOOLCHAIN_GCC_CR\libmbed.a(Stream.o)
                0x000037ec                mbed::Stream::lseek(long, int)
 .text._ZN4mbed6Stream6isattyEv
                0x000037f0        0x4 C:\Users\krita\Desktop\Lecture\year_3_semester_1\Microprocessor\Lab\traffic_light_control\mbed\TARGET_LPC1768\TOOLCHAIN_GCC_CR\libmbed.a(Stream.o)
                0x000037f0                mbed::Stream::isatty()
 .text._ZN4mbed6Stream5fsyncEv
                0x000037f4        0x4 C:\Users\krita\Desktop\Lecture\year_3_semester_1\Microprocessor\Lab\traffic_light_control\mbed\TARGET_LPC1768\TOOLCHAIN_GCC_CR\libmbed.a(Stream.o)
                0x000037f4                mbed::Stream::fsync()
 .text._ZN4mbed6Stream4flenEv
                0x000037f8        0x4 C:\Users\krita\Desktop\Lecture\year_3_semester_1\Microprocessor\Lab\traffic_light_control\mbed\TARGET_LPC1768\TOOLCHAIN_GCC_CR\libmbed.a(Stream.o)
                0x000037f8                mbed::Stream::flen()
 .text._ZThn4_N4mbed6StreamD1Ev
                0x000037fc        0x8 C:\Users\krita\Desktop\Lecture\year_3_semester_1\Microprocessor\Lab\traffic_light_control\mbed\TARGET_LPC1768\TOOLCHAIN_GCC_CR\libmbed.a(Stream.o)
                0x000037fc                non-virtual thunk to mbed::Stream::~Stream()
 .text._ZN4mbed6StreamD2Ev
                0x00003804       0x28 C:\Users\krita\Desktop\Lecture\year_3_semester_1\Microprocessor\Lab\traffic_light_control\mbed\TARGET_LPC1768\TOOLCHAIN_GCC_CR\libmbed.a(Stream.o)
                0x00003804                mbed::Stream::~Stream()
                0x00003804                mbed::Stream::~Stream()
 .text._ZThn4_N4mbed6StreamD0Ev
                0x0000382c        0x8 C:\Users\krita\Desktop\Lecture\year_3_semester_1\Microprocessor\Lab\traffic_light_control\mbed\TARGET_LPC1768\TOOLCHAIN_GCC_CR\libmbed.a(Stream.o)
                0x0000382c                non-virtual thunk to mbed::Stream::~Stream()
 .text._ZN4mbed6StreamD0Ev
                0x00003834       0x14 C:\Users\krita\Desktop\Lecture\year_3_semester_1\Microprocessor\Lab\traffic_light_control\mbed\TARGET_LPC1768\TOOLCHAIN_GCC_CR\libmbed.a(Stream.o)
                0x00003834                mbed::Stream::~Stream()
 .text._ZN4mbed6StreamC2EPKc
                0x00003848       0x4c C:\Users\krita\Desktop\Lecture\year_3_semester_1\Microprocessor\Lab\traffic_light_control\mbed\TARGET_LPC1768\TOOLCHAIN_GCC_CR\libmbed.a(Stream.o)
                0x00003848                mbed::Stream::Stream(char const*)
                0x00003848                mbed::Stream::Stream(char const*)
 .text._ZN4mbed6Stream4putcEi
                0x00003894       0x1c C:\Users\krita\Desktop\Lecture\year_3_semester_1\Microprocessor\Lab\traffic_light_control\mbed\TARGET_LPC1768\TOOLCHAIN_GCC_CR\libmbed.a(Stream.o)
                0x00003894                mbed::Stream::putc(int)
 .text._ZN4mbed6Stream6printfEPKcz
                0x000038b0       0x2c C:\Users\krita\Desktop\Lecture\year_3_semester_1\Microprocessor\Lab\traffic_light_control\mbed\TARGET_LPC1768\TOOLCHAIN_GCC_CR\libmbed.a(Stream.o)
                0x000038b0                mbed::Stream::printf(char const*, ...)
 .text._ZN4mbed7TimeoutD2Ev
                0x000038dc       0x1c C:\Users\krita\Desktop\Lecture\year_3_semester_1\Microprocessor\Lab\traffic_light_control\mbed\TARGET_LPC1768\TOOLCHAIN_GCC_CR\libmbed.a(Timeout.o)
                0x000038dc                mbed::Timeout::~Timeout()
                0x000038dc                mbed::Timeout::~Timeout()
 .text._ZN4mbed7Timeout7handlerEv
                0x000038f8        0x8 C:\Users\krita\Desktop\Lecture\year_3_semester_1\Microprocessor\Lab\traffic_light_control\mbed\TARGET_LPC1768\TOOLCHAIN_GCC_CR\libmbed.a(Timeout.o)
                0x000038f8                mbed::Timeout::handler()
 .text._ZN4mbed7TimeoutD0Ev
                0x00003900       0x20 C:\Users\krita\Desktop\Lecture\year_3_semester_1\Microprocessor\Lab\traffic_light_control\mbed\TARGET_LPC1768\TOOLCHAIN_GCC_CR\libmbed.a(Timeout.o)
                0x00003900                mbed::Timeout::~Timeout()
 .text._ZN4mbed10TimerEvent3irqEm
                0x00003920        0xc C:\Users\krita\Desktop\Lecture\year_3_semester_1\Microprocessor\Lab\traffic_light_control\mbed\TARGET_LPC1768\TOOLCHAIN_GCC_CR\libmbed.a(TimerEvent.o)
                0x00003920                mbed::TimerEvent::irq(unsigned long)
 .text._ZN4mbed10TimerEventD2Ev
                0x0000392c       0x18 C:\Users\krita\Desktop\Lecture\year_3_semester_1\Microprocessor\Lab\traffic_light_control\mbed\TARGET_LPC1768\TOOLCHAIN_GCC_CR\libmbed.a(TimerEvent.o)
                0x0000392c                mbed::TimerEvent::~TimerEvent()
                0x0000392c                mbed::TimerEvent::~TimerEvent()
 .text._ZN4mbed10TimerEventD0Ev
                0x00003944       0x1c C:\Users\krita\Desktop\Lecture\year_3_semester_1\Microprocessor\Lab\traffic_light_control\mbed\TARGET_LPC1768\TOOLCHAIN_GCC_CR\libmbed.a(TimerEvent.o)
                0x00003944                mbed::TimerEvent::~TimerEvent()
 .text._ZN4mbed10TimerEventC2Ev
                0x00003960       0x2c C:\Users\krita\Desktop\Lecture\year_3_semester_1\Microprocessor\Lab\traffic_light_control\mbed\TARGET_LPC1768\TOOLCHAIN_GCC_CR\libmbed.a(TimerEvent.o)
                0x00003960                mbed::TimerEvent::TimerEvent()
                0x00003960                mbed::TimerEvent::TimerEvent()
 .text._ZN4mbed10TimerEvent6insertEy
                0x0000398c       0x14 C:\Users\krita\Desktop\Lecture\year_3_semester_1\Microprocessor\Lab\traffic_light_control\mbed\TARGET_LPC1768\TOOLCHAIN_GCC_CR\libmbed.a(TimerEvent.o)
                0x0000398c                mbed::TimerEvent::insert(unsigned long long)
 .text._ZN4mbed10TimerEvent6removeEv
                0x000039a0        0x8 C:\Users\krita\Desktop\Lecture\year_3_semester_1\Microprocessor\Lab\traffic_light_control\mbed\TARGET_LPC1768\TOOLCHAIN_GCC_CR\libmbed.a(TimerEvent.o)
                0x000039a0                mbed::TimerEvent::remove()
 .text.mbed_assert_internal
                0x000039a8       0x34 C:\Users\krita\Desktop\Lecture\year_3_semester_1\Microprocessor\Lab\traffic_light_control\mbed\TARGET_LPC1768\TOOLCHAIN_GCC_CR\libmbed.a(assert.o)
                0x000039a8                mbed_assert_internal
 .text._ZN4mbed5Timer5startEv
                0x000039dc       0x10 C:\Users\krita\Desktop\Lecture\year_3_semester_1\Microprocessor\Lab\traffic_light_control\mbed\TARGET_LPC1768\TOOLCHAIN_GCC_CR\libmbed.a(Timer.o)
                0x000039dc                mbed::Timer::start()
 .text._ZN4mbed5Timer9slicetimeEv
                0x000039ec       0x14 C:\Users\krita\Desktop\Lecture\year_3_semester_1\Microprocessor\Lab\traffic_light_control\mbed\TARGET_LPC1768\TOOLCHAIN_GCC_CR\libmbed.a(Timer.o)
                0x000039ec                mbed::Timer::slicetime()
 .text._ZN4mbed5Timer7read_usEv
                0x00003a00        0xc C:\Users\krita\Desktop\Lecture\year_3_semester_1\Microprocessor\Lab\traffic_light_control\mbed\TARGET_LPC1768\TOOLCHAIN_GCC_CR\libmbed.a(Timer.o)
                0x00003a00                mbed::Timer::read_us()
 .text._ZN4mbed5Timer4readEv
                0x00003a0c       0x18 C:\Users\krita\Desktop\Lecture\year_3_semester_1\Microprocessor\Lab\traffic_light_control\mbed\TARGET_LPC1768\TOOLCHAIN_GCC_CR\libmbed.a(Timer.o)
                0x00003a0c                mbed::Timer::read()
 .text._ZN4mbed5Timer5resetEv
                0x00003a24       0x10 C:\Users\krita\Desktop\Lecture\year_3_semester_1\Microprocessor\Lab\traffic_light_control\mbed\TARGET_LPC1768\TOOLCHAIN_GCC_CR\libmbed.a(Timer.o)
                0x00003a24                mbed::Timer::reset()
 .text._ZN4mbed5TimerC2Ev
                0x00003a34       0x14 C:\Users\krita\Desktop\Lecture\year_3_semester_1\Microprocessor\Lab\traffic_light_control\mbed\TARGET_LPC1768\TOOLCHAIN_GCC_CR\libmbed.a(Timer.o)
                0x00003a34                mbed::Timer::Timer()
                0x00003a34                mbed::Timer::Timer()
 .text.error    0x00003a48       0x24 C:\Users\krita\Desktop\Lecture\year_3_semester_1\Microprocessor\Lab\traffic_light_control\mbed\TARGET_LPC1768\TOOLCHAIN_GCC_CR\libmbed.a(error.o)
                0x00003a48                error
 .text.exit     0x00003a6c       0x30 C:\Users\krita\Desktop\Lecture\year_3_semester_1\Microprocessor\Lab\traffic_light_control\mbed\TARGET_LPC1768\TOOLCHAIN_GCC_CR\libmbed.a(exit.o)
                0x00003a6c                exit
 .text.gpio_init_in_ex
                0x00003a9c       0x28 C:\Users\krita\Desktop\Lecture\year_3_semester_1\Microprocessor\Lab\traffic_light_control\mbed\TARGET_LPC1768\TOOLCHAIN_GCC_CR\libmbed.a(gpio.o)
                0x00003a9c                gpio_init_in_ex
 .text.gpio_init_in
                0x00003ac4        0x8 C:\Users\krita\Desktop\Lecture\year_3_semester_1\Microprocessor\Lab\traffic_light_control\mbed\TARGET_LPC1768\TOOLCHAIN_GCC_CR\libmbed.a(gpio.o)
                0x00003ac4                gpio_init_in
 .text.gpio_init_out_ex
                0x00003acc       0x54 C:\Users\krita\Desktop\Lecture\year_3_semester_1\Microprocessor\Lab\traffic_light_control\mbed\TARGET_LPC1768\TOOLCHAIN_GCC_CR\libmbed.a(gpio.o)
                0x00003acc                gpio_init_out_ex
 .text.gpio_init_out
                0x00003b20        0x8 C:\Users\krita\Desktop\Lecture\year_3_semester_1\Microprocessor\Lab\traffic_light_control\mbed\TARGET_LPC1768\TOOLCHAIN_GCC_CR\libmbed.a(gpio.o)
                0x00003b20                gpio_init_out
 .text.mbed_interface_connected
                0x00003b28        0x4 C:\Users\krita\Desktop\Lecture\year_3_semester_1\Microprocessor\Lab\traffic_light_control\mbed\TARGET_LPC1768\TOOLCHAIN_GCC_CR\libmbed.a(mbed_interface.o)
                0x00003b28                mbed_interface_connected
 .text.pinmap_pinout
                0x00003b2c       0x50 C:\Users\krita\Desktop\Lecture\year_3_semester_1\Microprocessor\Lab\traffic_light_control\mbed\TARGET_LPC1768\TOOLCHAIN_GCC_CR\libmbed.a(pinmap_common.o)
                0x00003b2c                pinmap_pinout
 .text.pinmap_merge
                0x00003b7c       0x24 C:\Users\krita\Desktop\Lecture\year_3_semester_1\Microprocessor\Lab\traffic_light_control\mbed\TARGET_LPC1768\TOOLCHAIN_GCC_CR\libmbed.a(pinmap_common.o)
                0x00003b7c                pinmap_merge
 .text.pinmap_find_peripheral
                0x00003ba0       0x30 C:\Users\krita\Desktop\Lecture\year_3_semester_1\Microprocessor\Lab\traffic_light_control\mbed\TARGET_LPC1768\TOOLCHAIN_GCC_CR\libmbed.a(pinmap_common.o)
                0x00003ba0                pinmap_find_peripheral
 .text.pinmap_peripheral
                0x00003bd0       0x40 C:\Users\krita\Desktop\Lecture\year_3_semester_1\Microprocessor\Lab\traffic_light_control\mbed\TARGET_LPC1768\TOOLCHAIN_GCC_CR\libmbed.a(pinmap_common.o)
                0x00003bd0                pinmap_peripheral
 .text.us_ticker_set_handler
                0x00003c10       0x14 C:\Users\krita\Desktop\Lecture\year_3_semester_1\Microprocessor\Lab\traffic_light_control\mbed\TARGET_LPC1768\TOOLCHAIN_GCC_CR\libmbed.a(us_ticker_api.o)
                0x00003c10                us_ticker_set_handler
 .text.us_ticker_irq_handler
                0x00003c24       0x4c C:\Users\krita\Desktop\Lecture\year_3_semester_1\Microprocessor\Lab\traffic_light_control\mbed\TARGET_LPC1768\TOOLCHAIN_GCC_CR\libmbed.a(us_ticker_api.o)
                0x00003c24                us_ticker_irq_handler
 .text.us_ticker_insert_event
                0x00003c70       0x48 C:\Users\krita\Desktop\Lecture\year_3_semester_1\Microprocessor\Lab\traffic_light_control\mbed\TARGET_LPC1768\TOOLCHAIN_GCC_CR\libmbed.a(us_ticker_api.o)
                0x00003c70                us_ticker_insert_event
 .text.us_ticker_remove_event
                0x00003cb8       0x4c C:\Users\krita\Desktop\Lecture\year_3_semester_1\Microprocessor\Lab\traffic_light_control\mbed\TARGET_LPC1768\TOOLCHAIN_GCC_CR\libmbed.a(us_ticker_api.o)
                0x00003cb8                us_ticker_remove_event
 .text.semihost_exit
                0x00003d04       0x18 C:\Users\krita\Desktop\Lecture\year_3_semester_1\Microprocessor\Lab\traffic_light_control\mbed\TARGET_LPC1768\TOOLCHAIN_GCC_CR\libmbed.a(semihost_api.o)
                0x00003d04                semihost_exit
 .text.semihost_connected
                0x00003d1c       0x10 C:\Users\krita\Desktop\Lecture\year_3_semester_1\Microprocessor\Lab\traffic_light_control\mbed\TARGET_LPC1768\TOOLCHAIN_GCC_CR\libmbed.a(semihost_api.o)
                0x00003d1c                semihost_connected
 .text.wait_us  0x00003d2c       0x18 C:\Users\krita\Desktop\Lecture\year_3_semester_1\Microprocessor\Lab\traffic_light_control\mbed\TARGET_LPC1768\TOOLCHAIN_GCC_CR\libmbed.a(wait_api.o)
                0x00003d2c                wait_us
 .text.wait_ms  0x00003d44        0xc C:\Users\krita\Desktop\Lecture\year_3_semester_1\Microprocessor\Lab\traffic_light_control\mbed\TARGET_LPC1768\TOOLCHAIN_GCC_CR\libmbed.a(wait_api.o)
                0x00003d44                wait_ms
 .text.pin_function
                0x00003d50       0x5c C:\Users\krita\Desktop\Lecture\year_3_semester_1\Microprocessor\Lab\traffic_light_control\mbed\TARGET_LPC1768\TOOLCHAIN_GCC_CR\libmbed.a(pinmap.o)
                0x00003d50                pin_function
 .text.pin_mode
                0x00003dac       0x88 C:\Users\krita\Desktop\Lecture\year_3_semester_1\Microprocessor\Lab\traffic_light_control\mbed\TARGET_LPC1768\TOOLCHAIN_GCC_CR\libmbed.a(pinmap.o)
                0x00003dac                pin_mode
 .text.gpio_set
                0x00003e34       0x44 C:\Users\krita\Desktop\Lecture\year_3_semester_1\Microprocessor\Lab\traffic_light_control\mbed\TARGET_LPC1768\TOOLCHAIN_GCC_CR\libmbed.a(gpio_api.o)
                0x00003e34                gpio_set
 .text.gpio_init
                0x00003e78       0x30 C:\Users\krita\Desktop\Lecture\year_3_semester_1\Microprocessor\Lab\traffic_light_control\mbed\TARGET_LPC1768\TOOLCHAIN_GCC_CR\libmbed.a(gpio_api.o)
                0x00003e78                gpio_init
 .text.gpio_mode
                0x00003ea8        0x8 C:\Users\krita\Desktop\Lecture\year_3_semester_1\Microprocessor\Lab\traffic_light_control\mbed\TARGET_LPC1768\TOOLCHAIN_GCC_CR\libmbed.a(gpio_api.o)
                0x00003ea8                gpio_mode
 .text.gpio_dir
                0x00003eb0       0x44 C:\Users\krita\Desktop\Lecture\year_3_semester_1\Microprocessor\Lab\traffic_light_control\mbed\TARGET_LPC1768\TOOLCHAIN_GCC_CR\libmbed.a(gpio_api.o)
                0x00003eb0                gpio_dir
 .text.us_ticker_init
                0x00003ef4       0x74 C:\Users\krita\Desktop\Lecture\year_3_semester_1\Microprocessor\Lab\traffic_light_control\mbed\TARGET_LPC1768\TOOLCHAIN_GCC_CR\libmbed.a(us_ticker.o)
                0x00003ef4                us_ticker_init
 .text.us_ticker_read
                0x00003f68       0x1c C:\Users\krita\Desktop\Lecture\year_3_semester_1\Microprocessor\Lab\traffic_light_control\mbed\TARGET_LPC1768\TOOLCHAIN_GCC_CR\libmbed.a(us_ticker.o)
                0x00003f68                us_ticker_read
 .text.us_ticker_set_interrupt
                0x00003f84       0x14 C:\Users\krita\Desktop\Lecture\year_3_semester_1\Microprocessor\Lab\traffic_light_control\mbed\TARGET_LPC1768\TOOLCHAIN_GCC_CR\libmbed.a(us_ticker.o)
                0x00003f84                us_ticker_set_interrupt
 .text.us_ticker_disable_interrupt
                0x00003f98       0x14 C:\Users\krita\Desktop\Lecture\year_3_semester_1\Microprocessor\Lab\traffic_light_control\mbed\TARGET_LPC1768\TOOLCHAIN_GCC_CR\libmbed.a(us_ticker.o)
                0x00003f98                us_ticker_disable_interrupt
 .text.us_ticker_clear_interrupt
                0x00003fac       0x10 C:\Users\krita\Desktop\Lecture\year_3_semester_1\Microprocessor\Lab\traffic_light_control\mbed\TARGET_LPC1768\TOOLCHAIN_GCC_CR\libmbed.a(us_ticker.o)
                0x00003fac                us_ticker_clear_interrupt
 .text.spi_format
                0x00003fbc       0x68 C:\Users\krita\Desktop\Lecture\year_3_semester_1\Microprocessor\Lab\traffic_light_control\mbed\TARGET_LPC1768\TOOLCHAIN_GCC_CR\libmbed.a(spi_api.o)
                0x00003fbc                spi_format
 .text.spi_frequency
                0x00004024      0x140 C:\Users\krita\Desktop\Lecture\year_3_semester_1\Microprocessor\Lab\traffic_light_control\mbed\TARGET_LPC1768\TOOLCHAIN_GCC_CR\libmbed.a(spi_api.o)
                0x00004024                spi_frequency
 .text.spi_init
                0x00004164      0x158 C:\Users\krita\Desktop\Lecture\year_3_semester_1\Microprocessor\Lab\traffic_light_control\mbed\TARGET_LPC1768\TOOLCHAIN_GCC_CR\libmbed.a(spi_api.o)
                0x00004164                spi_init
 .text.spi_master_write
                0x000042bc       0x14 C:\Users\krita\Desktop\Lecture\year_3_semester_1\Microprocessor\Lab\traffic_light_control\mbed\TARGET_LPC1768\TOOLCHAIN_GCC_CR\libmbed.a(spi_api.o)
                0x000042bc                spi_master_write
 .text._ZN4mbed8FileBaseD2Ev
                0x000042d0       0x30 C:\Users\krita\Desktop\Lecture\year_3_semester_1\Microprocessor\Lab\traffic_light_control\mbed\TARGET_LPC1768\TOOLCHAIN_GCC_CR\libmbed.a(FileBase.o)
                0x000042d0                mbed::FileBase::~FileBase()
                0x000042d0                mbed::FileBase::~FileBase()
 .text._ZN4mbed8FileBaseD0Ev
                0x00004300       0x14 C:\Users\krita\Desktop\Lecture\year_3_semester_1\Microprocessor\Lab\traffic_light_control\mbed\TARGET_LPC1768\TOOLCHAIN_GCC_CR\libmbed.a(FileBase.o)
                0x00004300                mbed::FileBase::~FileBase()
 .text._ZN4mbed8FileBaseC2EPKcNS_8PathTypeE
                0x00004314       0x20 C:\Users\krita\Desktop\Lecture\year_3_semester_1\Microprocessor\Lab\traffic_light_control\mbed\TARGET_LPC1768\TOOLCHAIN_GCC_CR\libmbed.a(FileBase.o)
                0x00004314                mbed::FileBase::FileBase(char const*, mbed::PathType)
                0x00004314                mbed::FileBase::FileBase(char const*, mbed::PathType)
 .text._ZN4mbed8FileBase6lookupEPKcj
                0x00004334       0x38 C:\Users\krita\Desktop\Lecture\year_3_semester_1\Microprocessor\Lab\traffic_light_control\mbed\TARGET_LPC1768\TOOLCHAIN_GCC_CR\libmbed.a(FileBase.o)
                0x00004334                mbed::FileBase::lookup(char const*, unsigned int)
 .text._ZN4mbed8FileBase11getPathTypeEv
                0x0000436c        0x4 C:\Users\krita\Desktop\Lecture\year_3_semester_1\Microprocessor\Lab\traffic_light_control\mbed\TARGET_LPC1768\TOOLCHAIN_GCC_CR\libmbed.a(FileBase.o)
                0x0000436c                mbed::FileBase::getPathType()
 .text._ZThn4_N4mbed8FileLikeD1Ev
                0x00004370        0x8 C:\Users\krita\Desktop\Lecture\year_3_semester_1\Microprocessor\Lab\traffic_light_control\mbed\TARGET_LPC1768\TOOLCHAIN_GCC_CR\libmbed.a(FileLike.o)
                0x00004370                non-virtual thunk to mbed::FileLike::~FileLike()
 .text._ZN4mbed8FileLikeD2Ev
                0x00004378       0x28 C:\Users\krita\Desktop\Lecture\year_3_semester_1\Microprocessor\Lab\traffic_light_control\mbed\TARGET_LPC1768\TOOLCHAIN_GCC_CR\libmbed.a(FileLike.o)
                0x00004378                mbed::FileLike::~FileLike()
                0x00004378                mbed::FileLike::~FileLike()
 .text._ZThn4_N4mbed8FileLikeD0Ev
                0x000043a0        0x8 C:\Users\krita\Desktop\Lecture\year_3_semester_1\Microprocessor\Lab\traffic_light_control\mbed\TARGET_LPC1768\TOOLCHAIN_GCC_CR\libmbed.a(FileLike.o)
                0x000043a0                non-virtual thunk to mbed::FileLike::~FileLike()
 .text._ZN4mbed8FileLikeD0Ev
                0x000043a8       0x14 C:\Users\krita\Desktop\Lecture\year_3_semester_1\Microprocessor\Lab\traffic_light_control\mbed\TARGET_LPC1768\TOOLCHAIN_GCC_CR\libmbed.a(FileLike.o)
                0x000043a8                mbed::FileLike::~FileLike()
 .text._ZN4mbed8FileLikeC2EPKc
                0x000043bc       0x2c C:\Users\krita\Desktop\Lecture\year_3_semester_1\Microprocessor\Lab\traffic_light_control\mbed\TARGET_LPC1768\TOOLCHAIN_GCC_CR\libmbed.a(FileLike.o)
                0x000043bc                mbed::FileLike::FileLike(char const*)
                0x000043bc                mbed::FileLike::FileLike(char const*)
 .text          0x000043e8      0x370 c:/nxp/lpcxpresso_7.3.0_186/lpcxpresso/tools/bin/../lib/gcc/arm-none-eabi/4.8.4/armv7-m\libgcc.a(_arm_addsubdf3.o)
                0x000043e8                __aeabi_drsub
                0x000043f0                __aeabi_dsub
                0x000043f0                __subdf3
                0x000043f4                __aeabi_dadd
                0x000043f4                __adddf3
                0x0000466c                __floatunsidf
                0x0000466c                __aeabi_ui2d
                0x0000468c                __floatsidf
                0x0000468c                __aeabi_i2d
                0x000046b0                __aeabi_f2d
                0x000046b0                __extendsfdf2
                0x000046ec                __floatundidf
                0x000046ec                __aeabi_ul2d
                0x000046fc                __floatdidf
                0x000046fc                __aeabi_l2d
 .text          0x00004758       0x50 c:/nxp/lpcxpresso_7.3.0_186/lpcxpresso/tools/bin/../lib/gcc/arm-none-eabi/4.8.4/armv7-m\libgcc.a(_arm_fixdfsi.o)
                0x00004758                __aeabi_d2iz
                0x00004758                __fixdfsi
 .text          0x000047a8      0x21c c:/nxp/lpcxpresso_7.3.0_186/lpcxpresso/tools/bin/../lib/gcc/arm-none-eabi/4.8.4/armv7-m\libgcc.a(_arm_addsubsf3.o)
                0x000047a8                __aeabi_frsub
                0x000047b0                __subsf3
                0x000047b0                __aeabi_fsub
                0x000047b4                __aeabi_fadd
                0x000047b4                __addsf3
                0x00004914                __aeabi_ui2f
                0x00004914                __floatunsisf
                0x0000491c                __aeabi_i2f
                0x0000491c                __floatsisf
                0x00004938                __aeabi_ul2f
                0x00004938                __floatundisf
                0x00004948                __aeabi_l2f
                0x00004948                __floatdisf
 .text          0x000049c4      0x2a0 c:/nxp/lpcxpresso_7.3.0_186/lpcxpresso/tools/bin/../lib/gcc/arm-none-eabi/4.8.4/armv7-m\libgcc.a(_arm_muldivsf3.o)
                0x000049c4                __mulsf3
                0x000049c4                __aeabi_fmul
                0x00004b2c                __aeabi_fdiv
                0x00004b2c                __divsf3
 .text          0x00004c64       0xec c:/nxp/lpcxpresso_7.3.0_186/lpcxpresso/tools/bin/../lib/gcc/arm-none-eabi/4.8.4/armv7-m\libgcc.a(_arm_cmpsf2.o)
                0x00004c64                __gesf2
                0x00004c64                __gtsf2
                0x00004c6c                __lesf2
                0x00004c6c                __ltsf2
                0x00004c74                __nesf2
                0x00004c74                __eqsf2
                0x00004c74                __cmpsf2
                0x00004cd4                __aeabi_cfrcmple
                0x00004cdc                __aeabi_cfcmpeq
                0x00004cdc                __aeabi_cfcmple
                0x00004cec                __aeabi_fcmpeq
                0x00004d00                __aeabi_fcmplt
                0x00004d14                __aeabi_fcmple
                0x00004d28                __aeabi_fcmpge
                0x00004d3c                __aeabi_fcmpgt
 .text          0x00004d50       0x2c c:/nxp/lpcxpresso_7.3.0_186/lpcxpresso/tools/bin/../lib/gcc/arm-none-eabi/4.8.4/armv7-m\libgcc.a(_aeabi_uldivmod.o)
                0x00004d50                __aeabi_uldivmod
 .text          0x00004d7c       0x48 c:/nxp/lpcxpresso_7.3.0_186/lpcxpresso/tools/bin/../lib/gcc/arm-none-eabi/4.8.4/armv7-m\libgcc.a(_fixunssfdi.o)
                0x00004d7c                __fixunssfdi
                0x00004d7c                __aeabi_f2ulz
 .text          0x00004dc4       0x60 c:/nxp/lpcxpresso_7.3.0_186/lpcxpresso/tools/bin/../lib/gcc/arm-none-eabi/4.8.4/armv7-m\libgcc.a(bpabi.o)
                0x00004dc4                __gnu_ldivmod_helper
                0x00004df4                __gnu_uldivmod_helper
 .text          0x00004e24        0x4 c:/nxp/lpcxpresso_7.3.0_186/lpcxpresso/tools/bin/../lib/gcc/arm-none-eabi/4.8.4/armv7-m\libgcc.a(_dvmd_tls.o)
                0x00004e24                __aeabi_idiv0
                0x00004e24                __aeabi_ldiv0
 .text          0x00004e28      0x424 c:/nxp/lpcxpresso_7.3.0_186/lpcxpresso/tools/bin/../lib/gcc/arm-none-eabi/4.8.4/armv7-m\libgcc.a(_arm_muldivdf3.o)
                0x00004e28                __aeabi_dmul
                0x00004e28                __muldf3
                0x0000507c                __divdf3
                0x0000507c                __aeabi_ddiv
 .text          0x0000524c       0x40 c:/nxp/lpcxpresso_7.3.0_186/lpcxpresso/tools/bin/../lib/gcc/arm-none-eabi/4.8.4/armv7-m\libgcc.a(_arm_fixunsdfsi.o)
                0x0000524c                __aeabi_d2uiz
                0x0000524c                __fixunsdfsi
 .text          0x0000528c      0x2a0 c:/nxp/lpcxpresso_7.3.0_186/lpcxpresso/tools/bin/../lib/gcc/arm-none-eabi/4.8.4/armv7-m\libgcc.a(_divdi3.o)
                0x0000528c                __divdi3
 .text          0x0000552c      0x290 c:/nxp/lpcxpresso_7.3.0_186/lpcxpresso/tools/bin/../lib/gcc/arm-none-eabi/4.8.4/armv7-m\libgcc.a(_udivdi3.o)
                0x0000552c                __udivdi3
 .text.abs      0x000057bc        0x8 c:/nxp/lpcxpresso_7.3.0_186/lpcxpresso/tools/bin/../lib/gcc/arm-none-eabi/4.8.4/../../../../arm-none-eabi/lib/armv7-m\libc.a(lib_a-abs.o)
                0x000057bc                abs
 .text.__errno  0x000057c4        0xc c:/nxp/lpcxpresso_7.3.0_186/lpcxpresso/tools/bin/../lib/gcc/arm-none-eabi/4.8.4/../../../../arm-none-eabi/lib/armv7-m\libc.a(lib_a-errno.o)
                0x000057c4                __errno
 .text._fclose_r
                0x000057d0       0x80 c:/nxp/lpcxpresso_7.3.0_186/lpcxpresso/tools/bin/../lib/gcc/arm-none-eabi/4.8.4/../../../../arm-none-eabi/lib/armv7-m\libc.a(lib_a-fclose.o)
                0x000057d0                _fclose_r
 .text.fclose   0x00005850       0x10 c:/nxp/lpcxpresso_7.3.0_186/lpcxpresso/tools/bin/../lib/gcc/arm-none-eabi/4.8.4/../../../../arm-none-eabi/lib/armv7-m\libc.a(lib_a-fclose.o)
                0x00005850                fclose
 .text.__sflush_r
                0x00005860      0x148 c:/nxp/lpcxpresso_7.3.0_186/lpcxpresso/tools/bin/../lib/gcc/arm-none-eabi/4.8.4/../../../../arm-none-eabi/lib/armv7-m\libc.a(lib_a-fflush.o)
                0x00005860                __sflush_r
 .text._fflush_r
                0x000059a8       0x2c c:/nxp/lpcxpresso_7.3.0_186/lpcxpresso/tools/bin/../lib/gcc/arm-none-eabi/4.8.4/../../../../arm-none-eabi/lib/armv7-m\libc.a(lib_a-fflush.o)
                0x000059a8                _fflush_r
 .text.fflush   0x000059d4       0x24 c:/nxp/lpcxpresso_7.3.0_186/lpcxpresso/tools/bin/../lib/gcc/arm-none-eabi/4.8.4/../../../../arm-none-eabi/lib/armv7-m\libc.a(lib_a-fflush.o)
                0x000059d4                fflush
 .text._cleanup_r
                0x000059f8        0xc c:/nxp/lpcxpresso_7.3.0_186/lpcxpresso/tools/bin/../lib/gcc/arm-none-eabi/4.8.4/../../../../arm-none-eabi/lib/armv7-m\libc.a(lib_a-findfp.o)
                0x000059f8                _cleanup_r
 .text.__sfmoreglue
                0x00005a04       0x30 c:/nxp/lpcxpresso_7.3.0_186/lpcxpresso/tools/bin/../lib/gcc/arm-none-eabi/4.8.4/../../../../arm-none-eabi/lib/armv7-m\libc.a(lib_a-findfp.o)
                0x00005a04                __sfmoreglue
 .text.__sinit  0x00005a34       0xf4 c:/nxp/lpcxpresso_7.3.0_186/lpcxpresso/tools/bin/../lib/gcc/arm-none-eabi/4.8.4/../../../../arm-none-eabi/lib/armv7-m\libc.a(lib_a-findfp.o)
                0x00005a34                __sinit
 .text.__sfp    0x00005b28       0x8c c:/nxp/lpcxpresso_7.3.0_186/lpcxpresso/tools/bin/../lib/gcc/arm-none-eabi/4.8.4/../../../../arm-none-eabi/lib/armv7-m\libc.a(lib_a-findfp.o)
                0x00005b28                __sfp
 .text.__sfp_lock_acquire
                0x00005bb4        0x4 c:/nxp/lpcxpresso_7.3.0_186/lpcxpresso/tools/bin/../lib/gcc/arm-none-eabi/4.8.4/../../../../arm-none-eabi/lib/armv7-m\libc.a(lib_a-findfp.o)
                0x00005bb4                __sfp_lock_acquire
 .text.__sfp_lock_release
                0x00005bb8        0x4 c:/nxp/lpcxpresso_7.3.0_186/lpcxpresso/tools/bin/../lib/gcc/arm-none-eabi/4.8.4/../../../../arm-none-eabi/lib/armv7-m\libc.a(lib_a-findfp.o)
                0x00005bb8                __sfp_lock_release
 .text._fopen_r
                0x00005bbc       0x88 c:/nxp/lpcxpresso_7.3.0_186/lpcxpresso/tools/bin/../lib/gcc/arm-none-eabi/4.8.4/../../../../arm-none-eabi/lib/armv7-m\libc.a(lib_a-fopen.o)
                0x00005bbc                _fopen_r
 .text.fopen    0x00005c44       0x10 c:/nxp/lpcxpresso_7.3.0_186/lpcxpresso/tools/bin/../lib/gcc/arm-none-eabi/4.8.4/../../../../arm-none-eabi/lib/armv7-m\libc.a(lib_a-fopen.o)
                0x00005c44                fopen
 .text.fprintf  0x00005c54       0x28 c:/nxp/lpcxpresso_7.3.0_186/lpcxpresso/tools/bin/../lib/gcc/arm-none-eabi/4.8.4/../../../../arm-none-eabi/lib/armv7-m\libc.a(lib_a-fprintf.o)
                0x00005c54                fprintf
 .text.fputc    0x00005c7c       0x28 c:/nxp/lpcxpresso_7.3.0_186/lpcxpresso/tools/bin/../lib/gcc/arm-none-eabi/4.8.4/../../../../arm-none-eabi/lib/armv7-m\libc.a(lib_a-fputc.o)
                0x00005c7c                fputc
 .text._malloc_trim_r
                0x00005ca4       0x9c c:/nxp/lpcxpresso_7.3.0_186/lpcxpresso/tools/bin/../lib/gcc/arm-none-eabi/4.8.4/../../../../arm-none-eabi/lib/armv7-m\libc.a(lib_a-freer.o)
                0x00005ca4                _malloc_trim_r
 .text._free_r  0x00005d40      0x198 c:/nxp/lpcxpresso_7.3.0_186/lpcxpresso/tools/bin/../lib/gcc/arm-none-eabi/4.8.4/../../../../arm-none-eabi/lib/armv7-m\libc.a(lib_a-freer.o)
                0x00005d40                _free_r
 .text._freopen_r
                0x00005ed8      0x13c c:/nxp/lpcxpresso_7.3.0_186/lpcxpresso/tools/bin/../lib/gcc/arm-none-eabi/4.8.4/../../../../arm-none-eabi/lib/armv7-m\libc.a(lib_a-freopen.o)
                0x00005ed8                _freopen_r
 .text.freopen  0x00006014       0x18 c:/nxp/lpcxpresso_7.3.0_186/lpcxpresso/tools/bin/../lib/gcc/arm-none-eabi/4.8.4/../../../../arm-none-eabi/lib/armv7-m\libc.a(lib_a-freopen.o)
                0x00006014                freopen
 .text._fseek_r
                0x0000602c        0x4 c:/nxp/lpcxpresso_7.3.0_186/lpcxpresso/tools/bin/../lib/gcc/arm-none-eabi/4.8.4/../../../../arm-none-eabi/lib/armv7-m\libc.a(lib_a-fseek.o)
                0x0000602c                _fseek_r
 .text._fseeko_r
                0x00006030      0x2d8 c:/nxp/lpcxpresso_7.3.0_186/lpcxpresso/tools/bin/../lib/gcc/arm-none-eabi/4.8.4/../../../../arm-none-eabi/lib/armv7-m\libc.a(lib_a-fseeko.o)
                0x00006030                _fseeko_r
 .text._fstat_r
                0x00006308       0x28 c:/nxp/lpcxpresso_7.3.0_186/lpcxpresso/tools/bin/../lib/gcc/arm-none-eabi/4.8.4/../../../../arm-none-eabi/lib/armv7-m\libc.a(lib_a-fstatr.o)
                0x00006308                _fstat_r
 .text.__sfvwrite_r
                0x00006330      0x318 c:/nxp/lpcxpresso_7.3.0_186/lpcxpresso/tools/bin/../lib/gcc/arm-none-eabi/4.8.4/../../../../arm-none-eabi/lib/armv7-m\libc.a(lib_a-fvwrite.o)
                0x00006330                __sfvwrite_r
 .text._fwalk   0x00006648       0x48 c:/nxp/lpcxpresso_7.3.0_186/lpcxpresso/tools/bin/../lib/gcc/arm-none-eabi/4.8.4/../../../../arm-none-eabi/lib/armv7-m\libc.a(lib_a-fwalk.o)
                0x00006648                _fwalk
 .text._fwalk_reent
                0x00006690       0x4c c:/nxp/lpcxpresso_7.3.0_186/lpcxpresso/tools/bin/../lib/gcc/arm-none-eabi/4.8.4/../../../../arm-none-eabi/lib/armv7-m\libc.a(lib_a-fwalk.o)
                0x00006690                _fwalk_reent
 .text.__libc_init_array
                0x000066dc       0x50 c:/nxp/lpcxpresso_7.3.0_186/lpcxpresso/tools/bin/../lib/gcc/arm-none-eabi/4.8.4/../../../../arm-none-eabi/lib/armv7-m\libc.a(lib_a-init.o)
                0x000066dc                __libc_init_array
 .text.__smakebuf_r
                0x0000672c       0xe0 c:/nxp/lpcxpresso_7.3.0_186/lpcxpresso/tools/bin/../lib/gcc/arm-none-eabi/4.8.4/../../../../arm-none-eabi/lib/armv7-m\libc.a(lib_a-makebuf.o)
                0x0000672c                __smakebuf_r
 .text.malloc   0x0000680c       0x10 c:/nxp/lpcxpresso_7.3.0_186/lpcxpresso/tools/bin/../lib/gcc/arm-none-eabi/4.8.4/../../../../arm-none-eabi/lib/armv7-m\libc.a(lib_a-malloc.o)
                0x0000680c                malloc
 .text.free     0x0000681c       0x10 c:/nxp/lpcxpresso_7.3.0_186/lpcxpresso/tools/bin/../lib/gcc/arm-none-eabi/4.8.4/../../../../arm-none-eabi/lib/armv7-m\libc.a(lib_a-malloc.o)
                0x0000681c                free
 .text._malloc_r
                0x0000682c      0x538 c:/nxp/lpcxpresso_7.3.0_186/lpcxpresso/tools/bin/../lib/gcc/arm-none-eabi/4.8.4/../../../../arm-none-eabi/lib/armv7-m\libc.a(lib_a-mallocr.o)
                0x0000682c                _malloc_r
 .text.memchr   0x00006d64       0x94 c:/nxp/lpcxpresso_7.3.0_186/lpcxpresso/tools/bin/../lib/gcc/arm-none-eabi/4.8.4/../../../../arm-none-eabi/lib/armv7-m\libc.a(lib_a-memchr-stub.o)
                0x00006d64                memchr
 .text          0x00006df8       0xec c:/nxp/lpcxpresso_7.3.0_186/lpcxpresso/tools/bin/../lib/gcc/arm-none-eabi/4.8.4/../../../../arm-none-eabi/lib/armv7-m\libc.a(lib_a-memcpy.o)
                0x00006df8                memcpy
 .text.memmove  0x00006ee4       0xcc c:/nxp/lpcxpresso_7.3.0_186/lpcxpresso/tools/bin/../lib/gcc/arm-none-eabi/4.8.4/../../../../arm-none-eabi/lib/armv7-m\libc.a(lib_a-memmove.o)
                0x00006ee4                memmove
 .text.memset   0x00006fb0       0x94 c:/nxp/lpcxpresso_7.3.0_186/lpcxpresso/tools/bin/../lib/gcc/arm-none-eabi/4.8.4/../../../../arm-none-eabi/lib/armv7-m\libc.a(lib_a-memset.o)
                0x00006fb0                memset
 .text.__malloc_lock
                0x00007044        0x4 c:/nxp/lpcxpresso_7.3.0_186/lpcxpresso/tools/bin/../lib/gcc/arm-none-eabi/4.8.4/../../../../arm-none-eabi/lib/armv7-m\libc.a(lib_a-mlock.o)
                0x00007044                __malloc_lock
 .text.__malloc_unlock
                0x00007048        0x4 c:/nxp/lpcxpresso_7.3.0_186/lpcxpresso/tools/bin/../lib/gcc/arm-none-eabi/4.8.4/../../../../arm-none-eabi/lib/armv7-m\libc.a(lib_a-mlock.o)
                0x00007048                __malloc_unlock
 .text._open_r  0x0000704c       0x28 c:/nxp/lpcxpresso_7.3.0_186/lpcxpresso/tools/bin/../lib/gcc/arm-none-eabi/4.8.4/../../../../arm-none-eabi/lib/armv7-m\libc.a(lib_a-openr.o)
                0x0000704c                _open_r
 .text.printf   0x00007074       0x28 c:/nxp/lpcxpresso_7.3.0_186/lpcxpresso/tools/bin/../lib/gcc/arm-none-eabi/4.8.4/../../../../arm-none-eabi/lib/armv7-m\libc.a(lib_a-printf.o)
                0x00007074                printf
 .text._putc_r  0x0000709c       0x58 c:/nxp/lpcxpresso_7.3.0_186/lpcxpresso/tools/bin/../lib/gcc/arm-none-eabi/4.8.4/../../../../arm-none-eabi/lib/armv7-m\libc.a(lib_a-putc.o)
                0x0000709c                _putc_r
 .text._realloc_r
                0x000070f4      0x3c0 c:/nxp/lpcxpresso_7.3.0_186/lpcxpresso/tools/bin/../lib/gcc/arm-none-eabi/4.8.4/../../../../arm-none-eabi/lib/armv7-m\libc.a(lib_a-reallocr.o)
                0x000070f4                _realloc_r
 .text.lflush   0x000074b4       0x14 c:/nxp/lpcxpresso_7.3.0_186/lpcxpresso/tools/bin/../lib/gcc/arm-none-eabi/4.8.4/../../../../arm-none-eabi/lib/armv7-m\libc.a(lib_a-refill.o)
 .text.__srefill_r
                0x000074c8      0x114 c:/nxp/lpcxpresso_7.3.0_186/lpcxpresso/tools/bin/../lib/gcc/arm-none-eabi/4.8.4/../../../../arm-none-eabi/lib/armv7-m\libc.a(lib_a-refill.o)
                0x000074c8                __srefill_r
 .text._sbrk_r  0x000075dc       0x24 c:/nxp/lpcxpresso_7.3.0_186/lpcxpresso/tools/bin/../lib/gcc/arm-none-eabi/4.8.4/../../../../arm-none-eabi/lib/armv7-m\libc.a(lib_a-sbrkr.o)
                0x000075dc                _sbrk_r
 .text.setbuf   0x00007600       0x10 c:/nxp/lpcxpresso_7.3.0_186/lpcxpresso/tools/bin/../lib/gcc/arm-none-eabi/4.8.4/../../../../arm-none-eabi/lib/armv7-m\libc.a(lib_a-setbuf.o)
                0x00007600                setbuf
 .text.setvbuf  0x00007610      0x100 c:/nxp/lpcxpresso_7.3.0_186/lpcxpresso/tools/bin/../lib/gcc/arm-none-eabi/4.8.4/../../../../arm-none-eabi/lib/armv7-m\libc.a(lib_a-setvbuf.o)
                0x00007610                setvbuf
 .text.sprintf  0x00007710       0x4c c:/nxp/lpcxpresso_7.3.0_186/lpcxpresso/tools/bin/../lib/gcc/arm-none-eabi/4.8.4/../../../../arm-none-eabi/lib/armv7-m\libc.a(lib_a-sprintf.o)
                0x00007710                sprintf
 .text.sscanf   0x0000775c       0x5c c:/nxp/lpcxpresso_7.3.0_186/lpcxpresso/tools/bin/../lib/gcc/arm-none-eabi/4.8.4/../../../../arm-none-eabi/lib/armv7-m\libc.a(lib_a-sscanf.o)
                0x0000775c                sscanf
 .text.__sread  0x000077b8       0x24 c:/nxp/lpcxpresso_7.3.0_186/lpcxpresso/tools/bin/../lib/gcc/arm-none-eabi/4.8.4/../../../../arm-none-eabi/lib/armv7-m\libc.a(lib_a-stdio.o)
                0x000077b8                __sread
 .text.__seofread
                0x000077dc        0x4 c:/nxp/lpcxpresso_7.3.0_186/lpcxpresso/tools/bin/../lib/gcc/arm-none-eabi/4.8.4/../../../../arm-none-eabi/lib/armv7-m\libc.a(lib_a-stdio.o)
                0x000077dc                __seofread
 .text.__swrite
                0x000077e0       0x38 c:/nxp/lpcxpresso_7.3.0_186/lpcxpresso/tools/bin/../lib/gcc/arm-none-eabi/4.8.4/../../../../arm-none-eabi/lib/armv7-m\libc.a(lib_a-stdio.o)
                0x000077e0                __swrite
 .text.__sseek  0x00007818       0x20 c:/nxp/lpcxpresso_7.3.0_186/lpcxpresso/tools/bin/../lib/gcc/arm-none-eabi/4.8.4/../../../../arm-none-eabi/lib/armv7-m\libc.a(lib_a-stdio.o)
                0x00007818                __sseek
 .text.__sclose
                0x00007838        0x8 c:/nxp/lpcxpresso_7.3.0_186/lpcxpresso/tools/bin/../lib/gcc/arm-none-eabi/4.8.4/../../../../arm-none-eabi/lib/armv7-m\libc.a(lib_a-stdio.o)
                0x00007838                __sclose
 .text          0x00007840      0x23c c:/nxp/lpcxpresso_7.3.0_186/lpcxpresso/tools/bin/../lib/gcc/arm-none-eabi/4.8.4/../../../../arm-none-eabi/lib/armv7-m\libc.a(lib_a-strcmp.o)
                0x00007840                strcmp
 .text.strlen   0x00007a7c       0x60 c:/nxp/lpcxpresso_7.3.0_186/lpcxpresso/tools/bin/../lib/gcc/arm-none-eabi/4.8.4/../../../../arm-none-eabi/lib/armv7-m\libc.a(lib_a-strlen.o)
                0x00007a7c                strlen
 .text.strncmp  0x00007adc       0xb4 c:/nxp/lpcxpresso_7.3.0_186/lpcxpresso/tools/bin/../lib/gcc/arm-none-eabi/4.8.4/../../../../arm-none-eabi/lib/armv7-m\libc.a(lib_a-strncmp.o)
                0x00007adc                strncmp
 .text._svfprintf_r
                0x00007b90     0x14e0 c:/nxp/lpcxpresso_7.3.0_186/lpcxpresso/tools/bin/../lib/gcc/arm-none-eabi/4.8.4/../../../../arm-none-eabi/lib/armv7-m\libc.a(lib_a-svfprintf.o)
                0x00007b90                _svfprintf_r
 .text.__ssvfscanf_r
                0x00009070      0xe78 c:/nxp/lpcxpresso_7.3.0_186/lpcxpresso/tools/bin/../lib/gcc/arm-none-eabi/4.8.4/../../../../arm-none-eabi/lib/armv7-m\libc.a(lib_a-svfscanf.o)
                0x00009070                __ssvfscanf_r
 .text._vfprintf_r
                0x00009ee8     0x1524 c:/nxp/lpcxpresso_7.3.0_186/lpcxpresso/tools/bin/../lib/gcc/arm-none-eabi/4.8.4/../../../../arm-none-eabi/lib/armv7-m\libc.a(lib_a-vfprintf.o)
                0x00009ee8                _vfprintf_r
 .text.vfprintf
                0x0000b40c       0x18 c:/nxp/lpcxpresso_7.3.0_186/lpcxpresso/tools/bin/../lib/gcc/arm-none-eabi/4.8.4/../../../../arm-none-eabi/lib/armv7-m\libc.a(lib_a-vfprintf.o)
                0x0000b40c                vfprintf
 .text.__sbprintf
                0x0000b424       0x7c c:/nxp/lpcxpresso_7.3.0_186/lpcxpresso/tools/bin/../lib/gcc/arm-none-eabi/4.8.4/../../../../arm-none-eabi/lib/armv7-m\libc.a(lib_a-vfprintf.o)
 .text.__swbuf_r
                0x0000b4a0       0xa8 c:/nxp/lpcxpresso_7.3.0_186/lpcxpresso/tools/bin/../lib/gcc/arm-none-eabi/4.8.4/../../../../arm-none-eabi/lib/armv7-m\libc.a(lib_a-wbuf.o)
                0x0000b4a0                __swbuf_r
 .text._write_r
                0x0000b548       0x28 c:/nxp/lpcxpresso_7.3.0_186/lpcxpresso/tools/bin/../lib/gcc/arm-none-eabi/4.8.4/../../../../arm-none-eabi/lib/armv7-m\libc.a(lib_a-writer.o)
                0x0000b548                _write_r
 .text.__swsetup_r
                0x0000b570       0xc4 c:/nxp/lpcxpresso_7.3.0_186/lpcxpresso/tools/bin/../lib/gcc/arm-none-eabi/4.8.4/../../../../arm-none-eabi/lib/armv7-m\libc.a(lib_a-wsetup.o)
                0x0000b570                __swsetup_r
 .text._close_r
                0x0000b634       0x24 c:/nxp/lpcxpresso_7.3.0_186/lpcxpresso/tools/bin/../lib/gcc/arm-none-eabi/4.8.4/../../../../arm-none-eabi/lib/armv7-m\libc.a(lib_a-closer.o)
                0x0000b634                _close_r
 .text.quorem   0x0000b658      0x134 c:/nxp/lpcxpresso_7.3.0_186/lpcxpresso/tools/bin/../lib/gcc/arm-none-eabi/4.8.4/../../../../arm-none-eabi/lib/armv7-m\libc.a(lib_a-dtoa.o)
 *fill*         0x0000b78c        0x4 
 .text._dtoa_r  0x0000b790      0xe38 c:/nxp/lpcxpresso_7.3.0_186/lpcxpresso/tools/bin/../lib/gcc/arm-none-eabi/4.8.4/../../../../arm-none-eabi/lib/armv7-m\libc.a(lib_a-dtoa.o)
                0x0000b790                _dtoa_r
 .text.__sflags
                0x0000c5c8       0x70 c:/nxp/lpcxpresso_7.3.0_186/lpcxpresso/tools/bin/../lib/gcc/arm-none-eabi/4.8.4/../../../../arm-none-eabi/lib/armv7-m\libc.a(lib_a-flags.o)
                0x0000c5c8                __sflags
 .text._isatty_r
                0x0000c638       0x24 c:/nxp/lpcxpresso_7.3.0_186/lpcxpresso/tools/bin/../lib/gcc/arm-none-eabi/4.8.4/../../../../arm-none-eabi/lib/armv7-m\libc.a(lib_a-isattyr.o)
                0x0000c638                _isatty_r
 .text.iswspace
                0x0000c65c       0x1c c:/nxp/lpcxpresso_7.3.0_186/lpcxpresso/tools/bin/../lib/gcc/arm-none-eabi/4.8.4/../../../../arm-none-eabi/lib/armv7-m\libc.a(lib_a-iswspace.o)
                0x0000c65c                iswspace
 .text.__locale_charset
                0x0000c678        0x8 c:/nxp/lpcxpresso_7.3.0_186/lpcxpresso/tools/bin/../lib/gcc/arm-none-eabi/4.8.4/../../../../arm-none-eabi/lib/armv7-m\libc.a(lib_a-locale.o)
                0x0000c678                __locale_charset
 .text.__locale_mb_cur_max
                0x0000c680        0xc c:/nxp/lpcxpresso_7.3.0_186/lpcxpresso/tools/bin/../lib/gcc/arm-none-eabi/4.8.4/../../../../arm-none-eabi/lib/armv7-m\libc.a(lib_a-locale.o)
                0x0000c680                __locale_mb_cur_max
 .text._localeconv_r
                0x0000c68c        0x8 c:/nxp/lpcxpresso_7.3.0_186/lpcxpresso/tools/bin/../lib/gcc/arm-none-eabi/4.8.4/../../../../arm-none-eabi/lib/armv7-m\libc.a(lib_a-locale.o)
                0x0000c68c                _localeconv_r
 .text._lseek_r
                0x0000c694       0x28 c:/nxp/lpcxpresso_7.3.0_186/lpcxpresso/tools/bin/../lib/gcc/arm-none-eabi/4.8.4/../../../../arm-none-eabi/lib/armv7-m\libc.a(lib_a-lseekr.o)
                0x0000c694                _lseek_r
 .text._mbrtowc_r
                0x0000c6bc       0x5c c:/nxp/lpcxpresso_7.3.0_186/lpcxpresso/tools/bin/../lib/gcc/arm-none-eabi/4.8.4/../../../../arm-none-eabi/lib/armv7-m\libc.a(lib_a-mbrtowc.o)
                0x0000c6bc                _mbrtowc_r
 .text.__ascii_mbtowc
                0x0000c718       0x2c c:/nxp/lpcxpresso_7.3.0_186/lpcxpresso/tools/bin/../lib/gcc/arm-none-eabi/4.8.4/../../../../arm-none-eabi/lib/armv7-m\libc.a(lib_a-mbtowc_r.o)
                0x0000c718                __ascii_mbtowc
 .text._Balloc  0x0000c744       0x4c c:/nxp/lpcxpresso_7.3.0_186/lpcxpresso/tools/bin/../lib/gcc/arm-none-eabi/4.8.4/../../../../arm-none-eabi/lib/armv7-m\libc.a(lib_a-mprec.o)
                0x0000c744                _Balloc
 .text._Bfree   0x0000c790       0x14 c:/nxp/lpcxpresso_7.3.0_186/lpcxpresso/tools/bin/../lib/gcc/arm-none-eabi/4.8.4/../../../../arm-none-eabi/lib/armv7-m\libc.a(lib_a-mprec.o)
                0x0000c790                _Bfree
 .text.__multadd
                0x0000c7a4       0x94 c:/nxp/lpcxpresso_7.3.0_186/lpcxpresso/tools/bin/../lib/gcc/arm-none-eabi/4.8.4/../../../../arm-none-eabi/lib/armv7-m\libc.a(lib_a-mprec.o)
                0x0000c7a4                __multadd
 .text.__s2b    0x0000c838       0x98 c:/nxp/lpcxpresso_7.3.0_186/lpcxpresso/tools/bin/../lib/gcc/arm-none-eabi/4.8.4/../../../../arm-none-eabi/lib/armv7-m\libc.a(lib_a-mprec.o)
                0x0000c838                __s2b
 .text.__hi0bits
                0x0000c8d0       0x40 c:/nxp/lpcxpresso_7.3.0_186/lpcxpresso/tools/bin/../lib/gcc/arm-none-eabi/4.8.4/../../../../arm-none-eabi/lib/armv7-m\libc.a(lib_a-mprec.o)
                0x0000c8d0                __hi0bits
 .text.__lo0bits
                0x0000c910       0x5c c:/nxp/lpcxpresso_7.3.0_186/lpcxpresso/tools/bin/../lib/gcc/arm-none-eabi/4.8.4/../../../../arm-none-eabi/lib/armv7-m\libc.a(lib_a-mprec.o)
                0x0000c910                __lo0bits
 .text.__i2b    0x0000c96c       0x14 c:/nxp/lpcxpresso_7.3.0_186/lpcxpresso/tools/bin/../lib/gcc/arm-none-eabi/4.8.4/../../../../arm-none-eabi/lib/armv7-m\libc.a(lib_a-mprec.o)
                0x0000c96c                __i2b
 .text.__multiply
                0x0000c980      0x13c c:/nxp/lpcxpresso_7.3.0_186/lpcxpresso/tools/bin/../lib/gcc/arm-none-eabi/4.8.4/../../../../arm-none-eabi/lib/armv7-m\libc.a(lib_a-mprec.o)
                0x0000c980                __multiply
 .text.__pow5mult
                0x0000cabc       0x9c c:/nxp/lpcxpresso_7.3.0_186/lpcxpresso/tools/bin/../lib/gcc/arm-none-eabi/4.8.4/../../../../arm-none-eabi/lib/armv7-m\libc.a(lib_a-mprec.o)
                0x0000cabc                __pow5mult
 .text.__lshift
                0x0000cb58       0xbc c:/nxp/lpcxpresso_7.3.0_186/lpcxpresso/tools/bin/../lib/gcc/arm-none-eabi/4.8.4/../../../../arm-none-eabi/lib/armv7-m\libc.a(lib_a-mprec.o)
                0x0000cb58                __lshift
 .text.__mcmp   0x0000cc14       0x48 c:/nxp/lpcxpresso_7.3.0_186/lpcxpresso/tools/bin/../lib/gcc/arm-none-eabi/4.8.4/../../../../arm-none-eabi/lib/armv7-m\libc.a(lib_a-mprec.o)
                0x0000cc14                __mcmp
 .text.__mdiff  0x0000cc5c       0xd8 c:/nxp/lpcxpresso_7.3.0_186/lpcxpresso/tools/bin/../lib/gcc/arm-none-eabi/4.8.4/../../../../arm-none-eabi/lib/armv7-m\libc.a(lib_a-mprec.o)
                0x0000cc5c                __mdiff
 .text.__ulp    0x0000cd34       0x40 c:/nxp/lpcxpresso_7.3.0_186/lpcxpresso/tools/bin/../lib/gcc/arm-none-eabi/4.8.4/../../../../arm-none-eabi/lib/armv7-m\libc.a(lib_a-mprec.o)
                0x0000cd34                __ulp
 .text.__b2d    0x0000cd74       0xb8 c:/nxp/lpcxpresso_7.3.0_186/lpcxpresso/tools/bin/../lib/gcc/arm-none-eabi/4.8.4/../../../../arm-none-eabi/lib/armv7-m\libc.a(lib_a-mprec.o)
                0x0000cd74                __b2d
 .text.__d2b    0x0000ce2c       0xbc c:/nxp/lpcxpresso_7.3.0_186/lpcxpresso/tools/bin/../lib/gcc/arm-none-eabi/4.8.4/../../../../arm-none-eabi/lib/armv7-m\libc.a(lib_a-mprec.o)
                0x0000ce2c                __d2b
 .text.__ratio  0x0000cee8       0x50 c:/nxp/lpcxpresso_7.3.0_186/lpcxpresso/tools/bin/../lib/gcc/arm-none-eabi/4.8.4/../../../../arm-none-eabi/lib/armv7-m\libc.a(lib_a-mprec.o)
                0x0000cee8                __ratio
 .text.__copybits
                0x0000cf38       0x48 c:/nxp/lpcxpresso_7.3.0_186/lpcxpresso/tools/bin/../lib/gcc/arm-none-eabi/4.8.4/../../../../arm-none-eabi/lib/armv7-m\libc.a(lib_a-mprec.o)
                0x0000cf38                __copybits
 .text.__any_on
                0x0000cf80       0x60 c:/nxp/lpcxpresso_7.3.0_186/lpcxpresso/tools/bin/../lib/gcc/arm-none-eabi/4.8.4/../../../../arm-none-eabi/lib/armv7-m\libc.a(lib_a-mprec.o)
                0x0000cf80                __any_on
 .text._read_r  0x0000cfe0       0x28 c:/nxp/lpcxpresso_7.3.0_186/lpcxpresso/tools/bin/../lib/gcc/arm-none-eabi/4.8.4/../../../../arm-none-eabi/lib/armv7-m\libc.a(lib_a-readr.o)
                0x0000cfe0                _read_r
 .text.__fpclassifyd
                0x0000d008       0x50 c:/nxp/lpcxpresso_7.3.0_186/lpcxpresso/tools/bin/../lib/gcc/arm-none-eabi/4.8.4/../../../../arm-none-eabi/lib/armv7-m\libc.a(lib_a-s_fpclassify.o)
                0x0000d008                __fpclassifyd
 .text.__sccl   0x0000d058       0x70 c:/nxp/lpcxpresso_7.3.0_186/lpcxpresso/tools/bin/../lib/gcc/arm-none-eabi/4.8.4/../../../../arm-none-eabi/lib/armv7-m\libc.a(lib_a-sccl.o)
                0x0000d058                __sccl
 .text.nanf     0x0000d0c8        0x8 c:/nxp/lpcxpresso_7.3.0_186/lpcxpresso/tools/bin/../lib/gcc/arm-none-eabi/4.8.4/../../../../arm-none-eabi/lib/armv7-m\libc.a(lib_a-sf_nan.o)
                0x0000d0c8                nanf
 .text.sulp     0x0000d0d0       0x40 c:/nxp/lpcxpresso_7.3.0_186/lpcxpresso/tools/bin/../lib/gcc/arm-none-eabi/4.8.4/../../../../arm-none-eabi/lib/armv7-m\libc.a(lib_a-strtod.o)
 .text._strtod_r
                0x0000d110      0xf40 c:/nxp/lpcxpresso_7.3.0_186/lpcxpresso/tools/bin/../lib/gcc/arm-none-eabi/4.8.4/../../../../arm-none-eabi/lib/armv7-m\libc.a(lib_a-strtod.o)
                0x0000d110                _strtod_r
 .text._strtol_r
                0x0000e050      0x114 c:/nxp/lpcxpresso_7.3.0_186/lpcxpresso/tools/bin/../lib/gcc/arm-none-eabi/4.8.4/../../../../arm-none-eabi/lib/armv7-m\libc.a(lib_a-strtol.o)
                0x0000e050                _strtol_r
 .text._strtoll_r
                0x0000e164      0x19c c:/nxp/lpcxpresso_7.3.0_186/lpcxpresso/tools/bin/../lib/gcc/arm-none-eabi/4.8.4/../../../../arm-none-eabi/lib/armv7-m\libc.a(lib_a-strtoll_r.o)
                0x0000e164                _strtoll_r
 .text._strtoul_r
                0x0000e300      0x130 c:/nxp/lpcxpresso_7.3.0_186/lpcxpresso/tools/bin/../lib/gcc/arm-none-eabi/4.8.4/../../../../arm-none-eabi/lib/armv7-m\libc.a(lib_a-strtoul.o)
                0x0000e300                _strtoul_r
 .text._strtoull_r
                0x0000e430      0x190 c:/nxp/lpcxpresso_7.3.0_186/lpcxpresso/tools/bin/../lib/gcc/arm-none-eabi/4.8.4/../../../../arm-none-eabi/lib/armv7-m\libc.a(lib_a-strtoull_r.o)
                0x0000e430                _strtoull_r
 .text.__ssprint_r
                0x0000e5c0      0x100 c:/nxp/lpcxpresso_7.3.0_186/lpcxpresso/tools/bin/../lib/gcc/arm-none-eabi/4.8.4/../../../../arm-none-eabi/lib/armv7-m\libc.a(lib_a-svfiprintf.o)
                0x0000e5c0                __ssprint_r
 .text._sungetc_r
                0x0000e6c0       0x80 c:/nxp/lpcxpresso_7.3.0_186/lpcxpresso/tools/bin/../lib/gcc/arm-none-eabi/4.8.4/../../../../arm-none-eabi/lib/armv7-m\libc.a(lib_a-svfiscanf.o)
                0x0000e6c0                _sungetc_r
 .text.__ssrefill_r
                0x0000e740       0x3c c:/nxp/lpcxpresso_7.3.0_186/lpcxpresso/tools/bin/../lib/gcc/arm-none-eabi/4.8.4/../../../../arm-none-eabi/lib/armv7-m\libc.a(lib_a-svfiscanf.o)
                0x0000e740                __ssrefill_r
 .text._sfread_r
                0x0000e77c       0x80 c:/nxp/lpcxpresso_7.3.0_186/lpcxpresso/tools/bin/../lib/gcc/arm-none-eabi/4.8.4/../../../../arm-none-eabi/lib/armv7-m\libc.a(lib_a-svfiscanf.o)
                0x0000e77c                _sfread_r
 .text.__submore
                0x0000e7fc       0x7c c:/nxp/lpcxpresso_7.3.0_186/lpcxpresso/tools/bin/../lib/gcc/arm-none-eabi/4.8.4/../../../../arm-none-eabi/lib/armv7-m\libc.a(lib_a-ungetc.o)
                0x0000e7fc                __submore
 .text.__sprint_r.part.0
                0x0000e878       0x78 c:/nxp/lpcxpresso_7.3.0_186/lpcxpresso/tools/bin/../lib/gcc/arm-none-eabi/4.8.4/../../../../arm-none-eabi/lib/armv7-m\libc.a(lib_a-vfiprintf.o)
 .text.__sprint_r
                0x0000e8f0       0x18 c:/nxp/lpcxpresso_7.3.0_186/lpcxpresso/tools/bin/../lib/gcc/arm-none-eabi/4.8.4/../../../../arm-none-eabi/lib/armv7-m\libc.a(lib_a-vfiprintf.o)
                0x0000e8f0                __sprint_r
 .text._calloc_r
                0x0000e908       0x60 c:/nxp/lpcxpresso_7.3.0_186/lpcxpresso/tools/bin/../lib/gcc/arm-none-eabi/4.8.4/../../../../arm-none-eabi/lib/armv7-m\libc.a(lib_a-callocr.o)
                0x0000e908                _calloc_r
 .text._fputwc_r
                0x0000e968       0xc0 c:/nxp/lpcxpresso_7.3.0_186/lpcxpresso/tools/bin/../lib/gcc/arm-none-eabi/4.8.4/../../../../arm-none-eabi/lib/armv7-m\libc.a(lib_a-fputwc.o)
                0x0000e968                _fputwc_r
 .text.rshift   0x0000ea28       0xa0 c:/nxp/lpcxpresso_7.3.0_186/lpcxpresso/tools/bin/../lib/gcc/arm-none-eabi/4.8.4/../../../../arm-none-eabi/lib/armv7-m\libc.a(lib_a-gdtoa-gethex.o)
 .text.__gethex
                0x0000eac8      0x52c c:/nxp/lpcxpresso_7.3.0_186/lpcxpresso/tools/bin/../lib/gcc/arm-none-eabi/4.8.4/../../../../arm-none-eabi/lib/armv7-m\libc.a(lib_a-gdtoa-gethex.o)
                0x0000eac8                __gethex
 .text.__hexnan
                0x0000eff4      0x194 c:/nxp/lpcxpresso_7.3.0_186/lpcxpresso/tools/bin/../lib/gcc/arm-none-eabi/4.8.4/../../../../arm-none-eabi/lib/armv7-m\libc.a(lib_a-gdtoa-hexnan.o)
                0x0000eff4                __hexnan
 .text._wcrtomb_r
                0x0000f188       0x50 c:/nxp/lpcxpresso_7.3.0_186/lpcxpresso/tools/bin/../lib/gcc/arm-none-eabi/4.8.4/../../../../arm-none-eabi/lib/armv7-m\libc.a(lib_a-wcrtomb.o)
                0x0000f188                _wcrtomb_r
 .text.__ascii_wctomb
                0x0000f1d8       0x1c c:/nxp/lpcxpresso_7.3.0_186/lpcxpresso/tools/bin/../lib/gcc/arm-none-eabi/4.8.4/../../../../arm-none-eabi/lib/armv7-m\libc.a(lib_a-wctomb_r.o)
                0x0000f1d8                __ascii_wctomb
 *fill*         0x0000f1f4        0x4 
 .text.floor    0x0000f1f8      0x120 c:/nxp/lpcxpresso_7.3.0_186/lpcxpresso/tools/bin/../lib/gcc/arm-none-eabi/4.8.4/../../../../arm-none-eabi/lib/armv7-m\libm.a(lib_a-s_floor.o)
                0x0000f1f8                floor
 .text._sbrk    0x0000f318       0x3c c:/nxp/lpcxpresso_7.3.0_186/lpcxpresso/tools/bin/../lib/gcc/arm-none-eabi/4.8.4/../../../../arm-none-eabi/lib/armv7-m\libcr_newlib_nohost.a(_cr_sbrk.o)
                0x0000f318                _sbrk
 .text.__check_heap_overflow
                0x0000f354       0x18 c:/nxp/lpcxpresso_7.3.0_186/lpcxpresso/tools/bin/../lib/gcc/arm-none-eabi/4.8.4/../../../../arm-none-eabi/lib/armv7-m\libcr_newlib_nohost.a(_cr_check_heap.o)
                0x0000f354                __check_heap_overflow
 .text          0x0000f36c       0x54 c:/nxp/lpcxpresso_7.3.0_186/lpcxpresso/tools/bin/../lib/gcc/arm-none-eabi/4.8.4/armv7-m\crtbegin.o
 .text          0x0000f3c0      0x110 c:/nxp/lpcxpresso_7.3.0_186/lpcxpresso/tools/bin/../lib/gcc/arm-none-eabi/4.8.4/armv7-m\libgcc.a(_arm_cmpdf2.o)
                0x0000f3c0                __gtdf2
                0x0000f3c0                __gedf2
                0x0000f3c8                __ltdf2
                0x0000f3c8                __ledf2
                0x0000f3d0                __nedf2
                0x0000f3d0                __eqdf2
                0x0000f3d0                __cmpdf2
                0x0000f44c                __aeabi_cdrcmple
                0x0000f45c                __aeabi_cdcmpeq
                0x0000f45c                __aeabi_cdcmple
                0x0000f46c                __aeabi_dcmpeq
                0x0000f480                __aeabi_dcmplt
                0x0000f494                __aeabi_dcmple
                0x0000f4a8                __aeabi_dcmpge
                0x0000f4bc                __aeabi_dcmpgt
 .text          0x0000f4d0       0xa0 c:/nxp/lpcxpresso_7.3.0_186/lpcxpresso/tools/bin/../lib/gcc/arm-none-eabi/4.8.4/armv7-m\libgcc.a(_arm_truncdfsf2.o)
                0x0000f4d0                __truncdfsf2
                0x0000f4d0                __aeabi_d2f
 *(.rodata .rodata.*)
 .rodata._ZL7FONT8x8
                0x0000f570      0x308 ./SPI_TFT_ILI9341/GraphicsDisplay.o
 .rodata._ZTV15GraphicsDisplay
                0x0000f878       0x88 ./SPI_TFT_ILI9341/GraphicsDisplay.o
                0x0000f878                vtable for GraphicsDisplay
 .rodata._ZTV15SPI_TFT_ILI9341
                0x0000f900       0xa8 ./SPI_TFT_ILI9341/SPI_TFT_ILI9341_NXP.o